<?xml version="1.0" encoding="UTF-8"?>
<html xmlns="http://www.w3.org/1999/xhtml">
 <style> * { font-family : helvetica;} .font17 { font-size : 17; } .font16 { font-size : 16; } .font18 { font-size : 18; } .font23 { font-size : 23; } .font11 { font-size : 11; } .font12 { font-size : 12; } .font13 { font-size : 13; } .font14 { font-size : 14; } .font31 { font-size : 31; } .font15 { font-size : 15; }</style>
 <body>
  <p>
   <span class="font31">smoking </span>
   <span class="font23">(.) </span>
   <span class="font18">smokers </span>
   <span class="font17">SSS </span>
   <span class="font17">(%) </span>
   <span class="font17">quit </span>
   <span class="font16">calls </span>
   <span class="font16">Smoking </span>
   <span class="font15">(%)) </span>
   <span class="font15">researcher </span>
   <span class="font15">(n, </span>
   <span class="font15">approaches </span>
   <span class="font14">attempt </span>
   <span class="font14">letter </span>
   <span class="font14">cut </span>
   <span class="font14">sent </span>
   <span class="font14">likely </span>
   <span class="font14">reach </span>
   <span class="font14">Heal </span>
   <span class="font14">single </span>
   <span class="font14">minutes </span>
   <span class="font14">invitations </span>
   <span class="font14">low </span>
   <span class="font14">contact </span>
   <span class="font13">(IQR)) </span>
   <span class="font13">past </span>
   <span class="font13">median </span>
   <span class="font13">packs </span>
   <span class="font13">location </span>
   <span class="font13">levels </span>
   <span class="font13">National </span>
   <span class="font13">parents </span>
   <span class="font13">population </span>
   <span class="font13">motivation </span>
   <span class="font13">promoting </span>
   <span class="font13">interested </span>
   <span class="font13">characteristics </span>
   <span class="font13">status </span>
   <span class="font13">SSS, </span>
   <span class="font13">smoking, </span>
   <span class="font13">(mean </span>
   <span class="font13">invited </span>
   <span class="font13">reduce </span>
   <span class="font13">plus </span>
   <span class="font13">mental </span>
   <span class="font12">Plymouth </span>
   <span class="font12">details </span>
   <span class="font12">Taylor </span>
   <span class="font12">Public </span>
   <span class="font12">effective </span>
   <span class="font12">directly </span>
   <span class="font12">mean </span>
   <span class="font12">moderate </span>
   <span class="font12">increasing </span>
   <span class="font12">quitting </span>
   <span class="font12">(.); </span>
   <span class="font12">cigarettes </span>
   <span class="font12">intensity </span>
   <span class="font12">aids </span>
   <span class="font12">conversion </span>
   <span class="font12">needed </span>
   <span class="font12">attended </span>
   <span class="font12">time. </span>
   <span class="font12">priority </span>
   <span class="font12">behavioral </span>
   <span class="font12">appeal </span>
   <span class="font12">years, </span>
   <span class="font12">ineligibility </span>
   <span class="font12">smoker, </span>
   <span class="font12">high </span>
   <span class="font12">nicotine </span>
   <span class="font12">outside </span>
   <span class="font12">West </span>
   <span class="font12">(minutes) </span>
   <span class="font12">novel </span>
   <span class="font12">targeted </span>
   <span class="font12">Posters </span>
   <span class="font12">require </span>
   <span class="font12">behaviour </span>
   <span class="font12">screening </span>
   <span class="font12">recorded </span>
   <span class="font12">community-based </span>
   <span class="font12">increase </span>
   <span class="font12">Overall, </span>
   <span class="font12">(SD); </span>
   <span class="font11">took </span>
   <span class="font11">distributed </span>
   <span class="font11">toddler </span>
   <span class="font11">areas </span>
   <span class="font11">interventions </span>
   <span class="font11">main </span>
   <span class="font11">year </span>
   <span class="font11">Nicotine </span>
   <span class="font11">unemployed </span>
   <span class="font11">know, </span>
   <span class="font11">higher </span>
   <span class="font11">./j.-...x </span>
   <span class="font11">way </span>
   <span class="font11">various </span>
   <span class="font11">received </span>
   <span class="font11">(for </span>
   <span class="font11">abrupt </span>
   <span class="font11">variety </span>
   <span class="font11">desire </span>
   <span class="font11">unemployed, </span>
   <span class="font11">supported </span>
   <span class="font11">method </span>
   <span class="font11">Intended </span>
   <span class="font11">best </span>
   <span class="font11">(.%) </span>
   <span class="font11">strategies </span>
   <span class="font11">(with </span>
   <span class="font11">hours) </span>
   <span class="font11">NHS </span>
   <span class="font11">collected </span>
   <span class="font11">individual </span>
   <span class="font11">spent </span>
   <span class="font11">nature </span>
   <span class="font11">reply </span>
   <span class="font11">Potentially </span>
   <span class="font11">engage </span>
   <span class="font11">lack </span>
   <span class="font11">Fagerstrom </span>
   <span class="font11">(SD) </span>
   <span class="font11">change </span>
   <span class="font11">indicating </span>
   <span class="font11">intervention, </span>
   <span class="font11">intervention) </span>
   <span class="font11">active </span>
   <span class="font11">searching </span>
   <span class="font11">identify </span>
   <span class="font11">recruitment. </span>
   <span class="font11">thought </span>
   <span class="font11">club </span>
   <span class="font11">Psychological </span>
   <span class="font11">practices </span>
   <span class="font11">relatively </span>
   <span class="font11">suggest </span>
   <span class="font11">indicated </span>
   <span class="font11">mailed </span>
   <span class="font11">broader </span>
   <span class="font11">rate) </span>
   <span class="font11">engagement </span>
   <span class="font11">Age </span>
   <span class="font11">team, </span>
   <span class="font11">vigorous </span>
   <span class="font11">attracted </span>
   <span class="font11">approached </span>
   <span class="font11">displayed </span>
   <span class="font11">years </span>
   <span class="font11">reminder </span>
   <span class="font11">successfully </span>
   <span class="font11">paper </span>
   <span class="font11">Job </span>
   <span class="font11">parent </span>
   <span class="font11">locations </span>
   <span class="font11">Glasgow </span>
   <span class="font11">traditional </span>
   <span class="font11">Self-reported </span>
   <span class="font11">information. </span>
   <span class="font11">completing </span>
   <span class="font11">message </span>
   <span class="font11">similar </span>
   <span class="font11">smokers. </span>
   <span class="font11">smokers, </span>
   <span class="font11">response) </span>
   <span class="font11">Letter </span>
   <span class="font11">heavy </span>
   <span class="font11">Exercise </span>
   <span class="font11">population, </span>
   <span class="font11">(letter </span>
   <span class="font11">populations </span>
   <span class="font11">United </span>
   <span class="font11">service </span>
   <span class="font11">interest. </span>
   <span class="font11">compare </span>
   <span class="font11">failed </span>
   <span class="font11">approaches. </span>
   <span class="font11">(::) </span>
   <span class="font11">shown </span>
   <span class="font11">analyses </span>
   <span class="font11">workers, </span>
   <span class="font11">(Male, </span>
   <span class="font11">respond </span>
   <span class="font11">England </span>
   <span class="font11">potentially </span>
   <span class="font11">I’ve </span>
   <span class="font11">posters </span>
   <span class="font11">identified </span>
   <span class="font11">registered </span>
   <span class="font11">(such </span>
   <span class="font11">Service </span>
   <span class="font11">reducing </span>
   <span class="font11">focus </span>
   <span class="font11">managers </span>
   <span class="font11">quit. </span>
   <span class="font11">sheets </span>
   <span class="font11">that’s </span>
   <span class="font11">consisted </span>
   <span class="font11">smoking: </span>
   <span class="font11">SSS. </span>
   <span class="font11">attending </span>
   <span class="font11">completed </span>
   <span class="font11">London, </span>
   <span class="font11">distributed. </span>
   <span class="font11">lost </span>
   <span class="font11">Yes </span>
   <span class="font11">summary </span>
   <span class="font11">Addiction </span>
   <span class="font11">(SD), </span>
   <span class="font11">school </span>
   <span class="font11">study, </span>
   <span class="font11">success </span>
   <span class="font11">Fagerström </span>
   <span class="font11">attempts </span>
  </p>
 </body>
</html>
