<?xml version="1.0" encoding="UTF-8"?>
<results title="frequencies">
 <result title="frequency" word="smoking" count="55"/>
 <result title="frequency" word="(.)" count="34"/>
 <result title="frequency" word="smokers" count="21"/>
 <result title="frequency" word="SSS" count="19"/>
 <result title="frequency" word="(%)" count="18"/>
 <result title="frequency" word="quit" count="18"/>
 <result title="frequency" word="calls" count="17"/>
 <result title="frequency" word="Smoking" count="16"/>
 <result title="frequency" word="(%))" count="15"/>
 <result title="frequency" word="(n," count="15"/>
 <result title="frequency" word="researcher" count="15"/>
 <result title="frequency" word="approaches" count="14"/>
 <result title="frequency" word="attempt" count="12"/>
 <result title="frequency" word="cut" count="12"/>
 <result title="frequency" word="letter" count="12"/>
 <result title="frequency" word="likely" count="12"/>
 <result title="frequency" word="reach" count="12"/>
 <result title="frequency" word="sent" count="12"/>
 <result title="frequency" word="Heal" count="11"/>
 <result title="frequency" word="contact" count="11"/>
 <result title="frequency" word="invitations" count="11"/>
 <result title="frequency" word="low" count="11"/>
 <result title="frequency" word="minutes" count="11"/>
 <result title="frequency" word="single" count="11"/>
 <result title="frequency" word="(IQR))" count="10"/>
 <result title="frequency" word="past" count="10"/>
 <result title="frequency" word="National" count="9"/>
 <result title="frequency" word="levels" count="9"/>
 <result title="frequency" word="location" count="9"/>
 <result title="frequency" word="median" count="9"/>
 <result title="frequency" word="packs" count="9"/>
 <result title="frequency" word="parents" count="9"/>
 <result title="frequency" word="(mean" count="8"/>
 <result title="frequency" word="SSS," count="8"/>
 <result title="frequency" word="characteristics" count="8"/>
 <result title="frequency" word="interested" count="8"/>
 <result title="frequency" word="invited" count="8"/>
 <result title="frequency" word="mental" count="8"/>
 <result title="frequency" word="motivation" count="8"/>
 <result title="frequency" word="plus" count="8"/>
 <result title="frequency" word="population" count="8"/>
 <result title="frequency" word="promoting" count="8"/>
 <result title="frequency" word="reduce" count="8"/>
 <result title="frequency" word="smoking," count="8"/>
 <result title="frequency" word="status" count="8"/>
 <result title="frequency" word="(.);" count="7"/>
 <result title="frequency" word="Plymouth" count="7"/>
 <result title="frequency" word="Public" count="7"/>
 <result title="frequency" word="Taylor" count="7"/>
 <result title="frequency" word="aids" count="7"/>
 <result title="frequency" word="cigarettes" count="7"/>
 <result title="frequency" word="conversion" count="7"/>
 <result title="frequency" word="details" count="7"/>
 <result title="frequency" word="directly" count="7"/>
 <result title="frequency" word="effective" count="7"/>
 <result title="frequency" word="increasing" count="7"/>
 <result title="frequency" word="intensity" count="7"/>
 <result title="frequency" word="mean" count="7"/>
 <result title="frequency" word="moderate" count="7"/>
 <result title="frequency" word="needed" count="7"/>
 <result title="frequency" word="quitting" count="7"/>
 <result title="frequency" word="(SD);" count="6"/>
 <result title="frequency" word="(minutes)" count="6"/>
 <result title="frequency" word="Overall," count="6"/>
 <result title="frequency" word="Posters" count="6"/>
 <result title="frequency" word="West" count="6"/>
 <result title="frequency" word="appeal" count="6"/>
 <result title="frequency" word="attended" count="6"/>
 <result title="frequency" word="behavioral" count="6"/>
 <result title="frequency" word="behaviour" count="6"/>
 <result title="frequency" word="community-based" count="6"/>
 <result title="frequency" word="high" count="6"/>
 <result title="frequency" word="increase" count="6"/>
 <result title="frequency" word="ineligibility" count="6"/>
 <result title="frequency" word="nicotine" count="6"/>
 <result title="frequency" word="novel" count="6"/>
 <result title="frequency" word="outside" count="6"/>
 <result title="frequency" word="priority" count="6"/>
 <result title="frequency" word="recorded" count="6"/>
 <result title="frequency" word="require" count="6"/>
 <result title="frequency" word="screening" count="6"/>
 <result title="frequency" word="smoker," count="6"/>
 <result title="frequency" word="targeted" count="6"/>
 <result title="frequency" word="time." count="6"/>
 <result title="frequency" word="years," count="6"/>
 <result title="frequency" word="(.%)" count="5"/>
 <result title="frequency" word="(SD)" count="5"/>
 <result title="frequency" word="(for" count="5"/>
 <result title="frequency" word="(with" count="5"/>
 <result title="frequency" word="./j.-...x" count="5"/>
 <result title="frequency" word="Fagerstrom" count="5"/>
 <result title="frequency" word="Intended" count="5"/>
 <result title="frequency" word="NHS" count="5"/>
 <result title="frequency" word="Nicotine" count="5"/>
 <result title="frequency" word="Potentially" count="5"/>
 <result title="frequency" word="abrupt" count="5"/>
 <result title="frequency" word="areas" count="5"/>
 <result title="frequency" word="best" count="5"/>
 <result title="frequency" word="collected" count="5"/>
 <result title="frequency" word="desire" count="5"/>
 <result title="frequency" word="distributed" count="5"/>
 <result title="frequency" word="engage" count="5"/>
 <result title="frequency" word="higher" count="5"/>
 <result title="frequency" word="hours)" count="5"/>
 <result title="frequency" word="individual" count="5"/>
 <result title="frequency" word="interventions" count="5"/>
 <result title="frequency" word="know," count="5"/>
 <result title="frequency" word="lack" count="5"/>
 <result title="frequency" word="main" count="5"/>
 <result title="frequency" word="method" count="5"/>
 <result title="frequency" word="nature" count="5"/>
 <result title="frequency" word="received" count="5"/>
 <result title="frequency" word="reply" count="5"/>
 <result title="frequency" word="spent" count="5"/>
 <result title="frequency" word="strategies" count="5"/>
 <result title="frequency" word="supported" count="5"/>
 <result title="frequency" word="toddler" count="5"/>
 <result title="frequency" word="took" count="5"/>
 <result title="frequency" word="unemployed" count="5"/>
 <result title="frequency" word="unemployed," count="5"/>
 <result title="frequency" word="variety" count="5"/>
 <result title="frequency" word="various" count="5"/>
 <result title="frequency" word="way" count="5"/>
 <result title="frequency" word="year" count="5"/>
 <result title="frequency" word="(::)" count="4"/>
 <result title="frequency" word="(Male," count="4"/>
 <result title="frequency" word="(SD)," count="4"/>
 <result title="frequency" word="(letter" count="4"/>
 <result title="frequency" word="(such" count="4"/>
 <result title="frequency" word="Addiction" count="4"/>
 <result title="frequency" word="Age" count="4"/>
 <result title="frequency" word="England" count="4"/>
 <result title="frequency" word="Exercise" count="4"/>
 <result title="frequency" word="Fagerström" count="4"/>
 <result title="frequency" word="Glasgow" count="4"/>
 <result title="frequency" word="I’ve" count="4"/>
 <result title="frequency" word="Job" count="4"/>
 <result title="frequency" word="Letter" count="4"/>
 <result title="frequency" word="London," count="4"/>
 <result title="frequency" word="Psychological" count="4"/>
 <result title="frequency" word="SSS." count="4"/>
 <result title="frequency" word="Self-reported" count="4"/>
 <result title="frequency" word="Service" count="4"/>
 <result title="frequency" word="United" count="4"/>
 <result title="frequency" word="Yes" count="4"/>
 <result title="frequency" word="active" count="4"/>
 <result title="frequency" word="analyses" count="4"/>
 <result title="frequency" word="approached" count="4"/>
 <result title="frequency" word="approaches." count="4"/>
 <result title="frequency" word="attempts" count="4"/>
 <result title="frequency" word="attending" count="4"/>
 <result title="frequency" word="attracted" count="4"/>
 <result title="frequency" word="broader" count="4"/>
 <result title="frequency" word="change" count="4"/>
 <result title="frequency" word="club" count="4"/>
 <result title="frequency" word="compare" count="4"/>
 <result title="frequency" word="completed" count="4"/>
 <result title="frequency" word="completing" count="4"/>
 <result title="frequency" word="consisted" count="4"/>
 <result title="frequency" word="displayed" count="4"/>
 <result title="frequency" word="distributed." count="4"/>
 <result title="frequency" word="engagement" count="4"/>
 <result title="frequency" word="failed" count="4"/>
 <result title="frequency" word="focus" count="4"/>
 <result title="frequency" word="heavy" count="4"/>
 <result title="frequency" word="identified" count="4"/>
 <result title="frequency" word="identify" count="4"/>
 <result title="frequency" word="indicated" count="4"/>
 <result title="frequency" word="indicating" count="4"/>
 <result title="frequency" word="information." count="4"/>
 <result title="frequency" word="interest." count="4"/>
 <result title="frequency" word="intervention)" count="4"/>
 <result title="frequency" word="intervention," count="4"/>
 <result title="frequency" word="locations" count="4"/>
 <result title="frequency" word="lost" count="4"/>
 <result title="frequency" word="mailed" count="4"/>
 <result title="frequency" word="managers" count="4"/>
 <result title="frequency" word="message" count="4"/>
 <result title="frequency" word="paper" count="4"/>
 <result title="frequency" word="parent" count="4"/>
 <result title="frequency" word="population," count="4"/>
 <result title="frequency" word="populations" count="4"/>
 <result title="frequency" word="posters" count="4"/>
 <result title="frequency" word="potentially" count="4"/>
 <result title="frequency" word="practices" count="4"/>
 <result title="frequency" word="quit." count="4"/>
 <result title="frequency" word="rate)" count="4"/>
 <result title="frequency" word="recruitment." count="4"/>
 <result title="frequency" word="reducing" count="4"/>
 <result title="frequency" word="registered" count="4"/>
 <result title="frequency" word="relatively" count="4"/>
 <result title="frequency" word="reminder" count="4"/>
 <result title="frequency" word="respond" count="4"/>
 <result title="frequency" word="response)" count="4"/>
 <result title="frequency" word="school" count="4"/>
 <result title="frequency" word="searching" count="4"/>
 <result title="frequency" word="service" count="4"/>
 <result title="frequency" word="sheets" count="4"/>
 <result title="frequency" word="shown" count="4"/>
 <result title="frequency" word="similar" count="4"/>
 <result title="frequency" word="smokers," count="4"/>
 <result title="frequency" word="smokers." count="4"/>
 <result title="frequency" word="smoking:" count="4"/>
 <result title="frequency" word="study," count="4"/>
 <result title="frequency" word="success" count="4"/>
 <result title="frequency" word="successfully" count="4"/>
 <result title="frequency" word="suggest" count="4"/>
 <result title="frequency" word="summary" count="4"/>
 <result title="frequency" word="team," count="4"/>
 <result title="frequency" word="that’s" count="4"/>
 <result title="frequency" word="thought" count="4"/>
 <result title="frequency" word="traditional" count="4"/>
 <result title="frequency" word="vigorous" count="4"/>
 <result title="frequency" word="workers," count="4"/>
 <result title="frequency" word="years" count="4"/>
</results>

