<?xml version="1.0" encoding="UTF-8"?>
<results title="frequencies">
 <result title="frequency" word="wwox" count="63"/>
 <result title="frequency" word="zebrafish" count="34"/>
 <result title="frequency" word="embryos" count="28"/>
 <result title="frequency" word="WWOX" count="23"/>
 <result title="frequency" word="using" count="23"/>
 <result title="frequency" word="&amp;amp;" count="19"/>
 <result title="frequency" word="al.," count="19"/>
 <result title="frequency" word="expression" count="19"/>
 <result title="frequency" word="al." count="17"/>
 <result title="frequency" word="edema" count="17"/>
 <result title="frequency" word="Aqeilan" count="15"/>
 <result title="frequency" word="knockdown" count="14"/>
 <result title="frequency" word="gene" count="12"/>
 <result title="frequency" word="intracellular" count="12"/>
 <result title="frequency" word="observed" count="12"/>
 <result title="frequency" word="human" count="11"/>
 <result title="frequency" word="Fig." count="10"/>
 <result title="frequency" word="dynamics" count="10"/>
 <result title="frequency" word="levels" count="10"/>
 <result title="frequency" word="RNA" count="9"/>
 <result title="frequency" word="development" count="9"/>
 <result title="frequency" word="domain" count="9"/>
 <result title="frequency" word="formation" count="9"/>
 <result title="frequency" word="Wwox" count="8"/>
 <result title="frequency" word="bone" count="8"/>
 <result title="frequency" word="cancer" count="8"/>
 <result title="frequency" word="developing" count="8"/>
 <result title="frequency" word="heart" count="8"/>
 <result title="frequency" word="mRNA" count="8"/>
 <result title="frequency" word="model" count="8"/>
 <result title="frequency" word="stage" count="8"/>
 <result title="frequency" word="Embryos" count="7"/>
 <result title="frequency" word="digestive" count="7"/>
 <result title="frequency" word="hybridization" count="7"/>
 <result title="frequency" word="min" count="7"/>
 <result title="frequency" word="performed" count="7"/>
 <result title="frequency" word="present" count="7"/>
 <result title="frequency" word="putative" count="7"/>
 <result title="frequency" word="sequences" count="7"/>
 <result title="frequency" word="siRNA" count="7"/>
 <result title="frequency" word="signaling" count="7"/>
 <result title="frequency" word="suppressor" count="7"/>
 <result title="frequency" word="(accession" count="6"/>
 <result title="frequency" word="Ludes-Meyers" count="6"/>
 <result title="frequency" word="Miyawaki" count="6"/>
 <result title="frequency" word="Tsuruwaka" count="6"/>
 <result title="frequency" word="Zebrafish" count="6"/>
 <result title="frequency" word="body" count="6"/>
 <result title="frequency" word="experiments," count="6"/>
 <result title="frequency" word="fish" count="6"/>
 <result title="frequency" word="long-pec" count="6"/>
 <result title="frequency" word="no." count="6"/>
 <result title="frequency" word="prim-" count="6"/>
 <result title="frequency" word="tissues" count="6"/>
 <result title="frequency" word="tumor" count="6"/>
 <result title="frequency" word="washed" count="6"/>
 <result title="frequency" word="%/%," count="5"/>
 <result title="frequency" word="PCR" count="5"/>
 <result title="frequency" word="Subsequently," count="5"/>
 <result title="frequency" word="Tokyo," count="5"/>
 <result title="frequency" word="YC." count="5"/>
 <result title="frequency" word="breast" count="5"/>
 <result title="frequency" word="buffer" count="5"/>
 <result title="frequency" word="containing" count="5"/>
 <result title="frequency" word="developmental" count="5"/>
 <result title="frequency" word="embryonic" count="5"/>
 <result title="frequency" word="embryos." count="5"/>
 <result title="frequency" word="expressed" count="5"/>
 <result title="frequency" word="high" count="5"/>
 <result title="frequency" word="mice" count="5"/>
 <result title="frequency" word="pericardial" count="5"/>
 <result title="frequency" word="phenotype" count="5"/>
 <result title="frequency" word="protein" count="5"/>
 <result title="frequency" word="sequence" count="5"/>
 <result title="frequency" word="studies" count="5"/>
 <result title="frequency" word="tissue" count="5"/>
 <result title="frequency" word="various" count="5"/>
 <result title="frequency" word="(A)" count="4"/>
 <result title="frequency" word="(B)" count="4"/>
 <result title="frequency" word="./peerj./fig-" count="4"/>
 <result title="frequency" word="Aldaz" count="4"/>
 <result title="frequency" word="Figure" count="4"/>
 <result title="frequency" word="Japan)" count="4"/>
 <result title="frequency" word="Japan)." count="4"/>
 <result title="frequency" word="Lewandowska" count="4"/>
 <result title="frequency" word="MOs" count="4"/>
 <result title="frequency" word="MeOH" count="4"/>
 <result title="frequency" word="Molecular" count="4"/>
 <result title="frequency" word="Moreover," count="4"/>
 <result title="frequency" word="Salah" count="4"/>
 <result title="frequency" word="Science" count="4"/>
 <result title="frequency" word="Sciences" count="4"/>
 <result title="frequency" word="Suzuki" count="4"/>
 <result title="frequency" word="Webb" count="4"/>
 <result title="frequency" word="Yang" count="4"/>
 <result title="frequency" word="according" count="4"/>
 <result title="frequency" word="acid" count="4"/>
 <result title="frequency" word="analyses" count="4"/>
 <result title="frequency" word="analyzed" count="4"/>
 <result title="frequency" word="caused" count="4"/>
 <result title="frequency" word="data" count="4"/>
 <result title="frequency" word="detected" count="4"/>
 <result title="frequency" word="effects" count="4"/>
 <result title="frequency" word="embryo." count="4"/>
 <result title="frequency" word="embryo;" count="4"/>
 <result title="frequency" word="fluorescence" count="4"/>
 <result title="frequency" word="following" count="4"/>
 <result title="frequency" word="highly" count="4"/>
 <result title="frequency" word="hpf" count="4"/>
 <result title="frequency" word="hpf)" count="4"/>
 <result title="frequency" word="image" count="4"/>
 <result title="frequency" word="min," count="4"/>
 <result title="frequency" word="multiple" count="4"/>
 <result title="frequency" word="previously" count="4"/>
 <result title="frequency" word="reportedly" count="4"/>
 <result title="frequency" word="situ" count="4"/>
 <result title="frequency" word="yellow" count="4"/>
 <result title="frequency" word="zebrafish," count="4"/>
</results>
