<?xml version="1.0" encoding="UTF-8"?>
<html xmlns="http://www.w3.org/1999/xhtml">
 <style> * { font-family : helvetica;} .font16 { font-size : 16; } .font17 { font-size : 17; } .font19 { font-size : 19; } .font21 { font-size : 21; } .font11 { font-size : 11; } .font12 { font-size : 12; } .font13 { font-size : 13; } .font14 { font-size : 14; } .font31 { font-size : 31; } .font15 { font-size : 15; }</style>
 <body>
  <p>
   <span class="font31">wwox </span>
   <span class="font21">zebrafish </span>
   <span class="font19">embryos </span>
   <span class="font17">WWOX </span>
   <span class="font17">using </span>
   <span class="font16">&amp;amp; </span>
   <span class="font16">al., </span>
   <span class="font16">expression </span>
   <span class="font15">al. </span>
   <span class="font15">edema </span>
   <span class="font15">Aqeilan </span>
   <span class="font14">knockdown </span>
   <span class="font14">gene </span>
   <span class="font14">intracellular </span>
   <span class="font14">observed </span>
   <span class="font13">human </span>
   <span class="font13">Fig. </span>
   <span class="font13">dynamics </span>
   <span class="font13">levels </span>
   <span class="font13">RNA </span>
   <span class="font13">development </span>
   <span class="font13">domain </span>
   <span class="font13">formation </span>
   <span class="font12">Wwox </span>
   <span class="font12">bone </span>
   <span class="font12">cancer </span>
   <span class="font12">developing </span>
   <span class="font12">heart </span>
   <span class="font12">mRNA </span>
   <span class="font12">model </span>
   <span class="font12">stage </span>
   <span class="font12">Embryos </span>
   <span class="font12">digestive </span>
   <span class="font12">hybridization </span>
   <span class="font12">min </span>
   <span class="font12">performed </span>
   <span class="font12">present </span>
   <span class="font12">putative </span>
   <span class="font12">sequences </span>
   <span class="font12">siRNA </span>
   <span class="font12">signaling </span>
   <span class="font12">suppressor </span>
   <span class="font12">(accession </span>
   <span class="font12">Ludes-Meyers </span>
   <span class="font12">Miyawaki </span>
   <span class="font12">Tsuruwaka </span>
   <span class="font12">Zebrafish </span>
   <span class="font12">body </span>
   <span class="font12">experiments, </span>
   <span class="font12">fish </span>
   <span class="font12">long-pec </span>
   <span class="font12">no. </span>
   <span class="font12">prim- </span>
   <span class="font12">tissues </span>
   <span class="font12">tumor </span>
   <span class="font12">washed </span>
   <span class="font11">%/%, </span>
   <span class="font11">PCR </span>
   <span class="font11">Subsequently, </span>
   <span class="font11">Tokyo, </span>
   <span class="font11">YC. </span>
   <span class="font11">breast </span>
   <span class="font11">buffer </span>
   <span class="font11">containing </span>
   <span class="font11">developmental </span>
   <span class="font11">embryonic </span>
   <span class="font11">embryos. </span>
   <span class="font11">expressed </span>
   <span class="font11">high </span>
   <span class="font11">mice </span>
   <span class="font11">pericardial </span>
   <span class="font11">phenotype </span>
   <span class="font11">protein </span>
   <span class="font11">sequence </span>
   <span class="font11">studies </span>
   <span class="font11">tissue </span>
   <span class="font11">various </span>
   <span class="font11">(A) </span>
   <span class="font11">(B) </span>
   <span class="font11">./peerj./fig- </span>
   <span class="font11">Aldaz </span>
   <span class="font11">Figure </span>
   <span class="font11">Japan) </span>
   <span class="font11">Japan). </span>
   <span class="font11">Lewandowska </span>
   <span class="font11">MOs </span>
   <span class="font11">MeOH </span>
   <span class="font11">Molecular </span>
   <span class="font11">Moreover, </span>
   <span class="font11">Salah </span>
   <span class="font11">Science </span>
   <span class="font11">Sciences </span>
   <span class="font11">Suzuki </span>
   <span class="font11">Webb </span>
   <span class="font11">Yang </span>
   <span class="font11">according </span>
   <span class="font11">acid </span>
   <span class="font11">analyses </span>
   <span class="font11">analyzed </span>
   <span class="font11">caused </span>
   <span class="font11">data </span>
   <span class="font11">detected </span>
   <span class="font11">effects </span>
   <span class="font11">embryo. </span>
   <span class="font11">embryo; </span>
   <span class="font11">fluorescence </span>
   <span class="font11">following </span>
   <span class="font11">highly </span>
   <span class="font11">hpf </span>
   <span class="font11">hpf) </span>
   <span class="font11">image </span>
   <span class="font11">min, </span>
   <span class="font11">multiple </span>
   <span class="font11">previously </span>
   <span class="font11">reportedly </span>
   <span class="font11">situ </span>
   <span class="font11">yellow </span>
   <span class="font11">zebrafish, </span>
  </p>
 </body>
</html>
