<?xml version="1.0" encoding="UTF-8"?>
<results title="genus">
 <result pre="his is the fourth valid species of " exact="Limnonectes" xpath="/*[local-name()='html'][1]/*[local-name()='body'][1]/*[local-name()='div'][1]/*[local-name()='div'][7]/*[local-name()='p'][2]" match="Limnonectes" post=" described from Sulawesi despite th" name="genus"/>
 <result pre="ation of fanged frogs in the genus " exact="Limnonectes" xpath="/*[local-name()='html'][1]/*[local-name()='body'][1]/*[local-name()='div'][1]/*[local-name()='div'][7]/*[local-name()='p'][2]" match="Limnonectes" post=" Fitzinger, 1843 (Anura: Dicrogloss" name="genus"/>
 <result pre="re multiple undescribed species of " exact="Limnonectes" xpath="/*[local-name()='html'][1]/*[local-name()='body'][1]/*[local-name()='div'][1]/*[local-name()='div'][7]/*[local-name()='p'][2]" match="Limnonectes" post=" on Sulawesi, and indicated that on" name="genus"/>
 <result pre=" . Only the African bufonid genera " exact="Nectophrynoides" xpath="/*[local-name()='html'][1]/*[local-name()='body'][1]/*[local-name()='div'][1]/*[local-name()='div'][7]/*[local-name()='p'][2]" match="Nectophrynoides" post=" and Nimbaphrynoides and the" name="genus"/>
 <result pre=" genera Nectophrynoides and " exact="Nimbaphrynoides" xpath="/*[local-name()='html'][1]/*[local-name()='body'][1]/*[local-name()='div'][1]/*[local-name()='div'][7]/*[local-name()='p'][2]" match="Nimbaphrynoides" post=" and the now extinct Puerto Rican s" name="genus"/>
 <result pre=" Sulawesi fanged frog in the genus " exact="Limnonectes" xpath="/*[local-name()='html'][1]/*[local-name()='body'][1]/*[local-name()='div'][1]/*[local-name()='div'][7]/*[local-name()='p'][2]" match="Limnonectes" post=" with internal fertilization and li" name="genus"/>
 <result pre=" a comprehensive study of Sulawesi " exact="Limnonectes" xpath="/*[local-name()='html'][1]/*[local-name()='body'][1]/*[local-name()='div'][1]/*[local-name()='div'][7]/*[local-name()='p'][2]" match="Limnonectes" post=" diversification, we obtained morph" name="genus"/>
 <result pre=" " exact="Limnonectes " xpath="/*[local-name()='html'][1]/*[local-name()='body'][1]/*[local-name()='div'][1]/*[local-name()='div'][7]/*[local-name()='p'][2]" match="Limnonectes" post=" larvaepartus new species " name="genus"/>
 <result pre="imnonectes larviparus [11] and " exact="Limnonectes" xpath="/*[local-name()='html'][1]/*[local-name()='body'][1]/*[local-name()='div'][1]/*[local-name()='div'][7]/*[local-name()='p'][2]" match="Limnonectes" post=" &quot;ovovivipar&quot; [4] , both of which c" name="genus"/>
 <result pre="ial species diversity in the genus " exact="Limnonectes" xpath="/*[local-name()='html'][1]/*[local-name()='body'][1]/*[local-name()='div'][1]/*[local-name()='div'][7]/*[local-name()='p'][2]" match="Limnonectes" post=" on Sulawesi. However, diagnosing m" name="genus"/>
 <result pre="alid described species of Sulawesi " exact="Limnonectes" xpath="/*[local-name()='html'][1]/*[local-name()='body'][1]/*[local-name()='div'][1]/*[local-name()='div'][7]/*[local-name()='p'][2]" match="Limnonectes" post=" . " name="genus"/>
 <result pre="rom all other described species of " exact="Limnonectes" xpath="/*[local-name()='html'][1]/*[local-name()='body'][1]/*[local-name()='div'][1]/*[local-name()='div'][7]/*[local-name()='p'][2]" match="Limnonectes" post=" by its reproductive mode ( Fig. 2 " name="genus"/>
 <result pre="dates other frogs, including other " exact="Limonectes" xpath="/*[local-name()='html'][1]/*[local-name()='body'][1]/*[local-name()='div'][1]/*[local-name()='div'][7]/*[local-name()='p'][2]" match="Limonectes" post=" , it is possible that L. larvae" name="genus"/>
 <result pre="bers of the African bufonid genera " exact="Nectophrynoides" xpath="/*[local-name()='html'][1]/*[local-name()='body'][1]/*[local-name()='div'][1]/*[local-name()='div'][7]/*[local-name()='p'][2]" match="Nectophrynoides" post=" and Nimbaphrynoides [9] , [" name="genus"/>
 <result pre=" genera Nectophrynoides and " exact="Nimbaphrynoides" match="Nimbaphrynoides" post=" [9] , [17] , [18] . The latter mod" name="genus"/>
</results>
