<?xml version="1.0" encoding="UTF-8"?>
<results title="binomial">
 <result pre=" in cooperative tasks (marmosets ( " exact="Callithrix jacchus" xpath="/*[local-name()='html'][1]/*[local-name()='body'][1]/*[local-name()='div'][1]/*[local-name()='div'][3]/*[local-name()='p'][3]" match="Callithrix jacchus" post="): Werdenich and Huber, 2002; chimp" name="binomial"/>
 <result pre="1993; Melis et al., 2006b; rooks ( " exact="Corvus frugilegus" match="Corvus frugilegus" post="): Seed et al., 2008; Scheid and No" name="binomial"/>
</results>
