<?xml version="1.0" encoding="UTF-8"?>
<results title="binomial">
 <result pre=". Hence, we focused on zebrafish ( " exact="Danio rerio" xpath="/*[local-name()='html'][1]/*[local-name()='body'][1]/*[local-name()='div'][1]/*[local-name()='div'][4]/*[local-name()='p'][1]" match="Danio rerio" post="), which provides an established mo" name="binomial"/>
 <result pre="i&gt; in vertebrate development using " exact="D. rerio" match="Danio rerio" post=" as a model organism, and assessed " name="binomial"/>
</results>
