<?xml version="1.0" encoding="UTF-8"?>
<results title="consort0">
 <result pre="ric multi-attribute utility values " name0="exclude" value0="exclude" post="important domains and non-health outcomes, while p" xpath="/html[1]/body[1]/div[1]/div[3]/div[1]/p[1]"/>
 <result pre=" the costs and benefits of funding " name0="allocate" value0="allocations" post="can be misinformed and lead to inefficient distrib" xpath="/html[1]/body[1]/div[1]/div[4]/p[1]"/>
 <result pre="nventional economic, technical and " name0="allocate" value0="allocative" post="efficiency measures [ 22– 24, 29] to be calculated" xpath="/html[1]/body[1]/div[1]/div[5]/div[2]/div[2]/p[1]"/>
 <result pre="ed as the product of technical and " name0="allocate" value0="allocative" post="efficiency [ 37]. Hence when factor prices are app" xpath="/html[1]/body[1]/div[1]/div[5]/div[2]/div[2]/p[2]"/>
 <result pre=" and decomposed into technical and " name0="allocate" value0="allocative" post="efficiency components. In Fig. 1, BB’ represents p" xpath="/html[1]/body[1]/div[1]/div[5]/div[2]/div[2]/p[2]"/>
 <result pre="for a given cost. S’ represents an " name0="allocate" value0="allocatively" post="efficient point because this lies on the productio" xpath="/html[1]/body[1]/div[1]/div[5]/div[2]/div[2]/p[2]"/>
 <result pre="m at point S’, the technically and " name0="allocate" value0="allocatively" post="efficient firm [ 37]. " xpath="/html[1]/body[1]/div[1]/div[5]/div[2]/div[2]/p[2]"/>
 <result pre="e participant in the PEACH arm was " name0="exclude" value0="excluded" post="from the analysis due to incomplete cost data; " xpath="/html[1]/body[1]/div[1]/div[6]/div[1]/div[2]/div[5]/div[1]/p[1]"/>
 <result pre="e participant in the PEACH arm was " name0="exclude" value0="excluded" post="from the analysis due to incomplete cost data; " xpath="/html[1]/body[1]/div[1]/div[6]/div[2]/div[1]/div[5]/div[1]/p[1]"/>
 <result pre="mmonly applied generic MAUIs which " name0="exclude" value0="exclude" post="important domains unable to be integrated with pat" xpath="/html[1]/body[1]/div[1]/div[7]/p[7]"/>
 <result pre="imated allowing for characteristic " name0="allocate" value0="allocative" post="and displacement inefficiency in health systems wh" xpath="/html[1]/body[1]/div[1]/div[7]/p[10]"/>
 <result pre="[ 34] (see Equation 8), allows for " name0="allocate" value0="allocative" post="inefficiency ( n &lt; m) and displacement inefficienc" xpath="/html[1]/body[1]/div[1]/div[7]/p[10]"/>
</results>
