<?xml version="1.0" encoding="UTF-8"?>
<results title="binomial">
 <result pre="Longevity of " exact="Rhizoprionodon terraenovae" xpath="/*[local-name()='html'][1]/*[local-name()='body'][1]/*[local-name()='div'][1]/*[local-name()='div'][11]/*[local-name()='div'][4]/*[local-name()='p'][1]" match="Rhizoprionodon terraenovae" post=" and Carcharhinus acronotus " name="binomial"/>
 <result pre="Rhizoprionodon terraenovae and " exact="Carcharhinus acronotus" xpath="/*[local-name()='html'][1]/*[local-name()='body'][1]/*[local-name()='div'][1]/*[local-name()='div'][11]/*[local-name()='div'][4]/*[local-name()='p'][1]" match="Carcharhinus acronotus" post=" in the western North Atlantic Ocea" name="binomial"/>
 <result pre="om 7.7-14.0 years (mean =10.1) for " exact="R. terraenovae" xpath="/*[local-name()='html'][1]/*[local-name()='body'][1]/*[local-name()='div'][1]/*[local-name()='div'][11]/*[local-name()='div'][4]/*[local-name()='p'][1]" match="Rhizoprionodon terraenovae" post=" and 10.9-12.8 years (mean =11.9) f" name="binomial"/>
 <result pre="d 10.9-12.8 years (mean =11.9) for " exact="C. acronotus" xpath="/*[local-name()='html'][1]/*[local-name()='body'][1]/*[local-name()='div'][1]/*[local-name()='div'][11]/*[local-name()='div'][4]/*[local-name()='p'][1]" match="Carcharhinus acronotus" post=". Maximum estimated longevity was d" name="binomial"/>
 <result pre="ears from direct age estimates for " exact="R. terraenovae" xpath="/*[local-name()='html'][1]/*[local-name()='body'][1]/*[local-name()='div'][1]/*[local-name()='div'][11]/*[local-name()='div'][4]/*[local-name()='p'][1]" match="Rhizoprionodon terraenovae" post=" and 22.8 years through tag-recaptu" name="binomial"/>
 <result pre="s through direct age estimates for " exact="C. acronotus" xpath="/*[local-name()='html'][1]/*[local-name()='body'][1]/*[local-name()='div'][1]/*[local-name()='div'][11]/*[local-name()='div'][4]/*[local-name()='p'][1]" match="Carcharhinus acronotus" post=". These longevity estimates represe" name="binomial"/>
 <result pre="ved species such as the Porbeagle, " exact="Lamna nasus" xpath="/*[local-name()='html'][1]/*[local-name()='body'][1]/*[local-name()='div'][1]/*[local-name()='div'][11]/*[local-name()='div'][4]/*[local-name()='p'][1]" match="Lamna nasus" post=" (Bonnaterre, 1788) ( Francis et" name="binomial"/>
 <result pre=") and the Australian School Shark, " exact="Galeorhinus galeus" xpath="/*[local-name()='html'][1]/*[local-name()='body'][1]/*[local-name()='div'][1]/*[local-name()='div'][11]/*[local-name()='div'][4]/*[local-name()='p'][1]" match="Galeorhinus galeus" post=" (L. 1758) ( Kalish &amp;amp;amp; Johns" name="binomial"/>
 <result pre=" histories such as the Bonnethead, " exact="Sphyrna tiburo" xpath="/*[local-name()='html'][1]/*[local-name()='body'][1]/*[local-name()='div'][1]/*[local-name()='div'][11]/*[local-name()='div'][4]/*[local-name()='p'][1]" match="Sphyrna tiburo" post=" (L. 1758) ( Frazier et al.," name="binomial"/>
 <result pre="evity of Atlantic Sharpnose Sharks " exact="Rhizoprionodon terraenovae" xpath="/*[local-name()='html'][1]/*[local-name()='body'][1]/*[local-name()='div'][1]/*[local-name()='div'][11]/*[local-name()='div'][4]/*[local-name()='p'][1]" match="Rhizoprionodon terraenovae" post=" (Richardson, 1836) and Blacknose S" name="binomial"/>
 <result pre="ardson, 1836) and Blacknose Sharks " exact="Carcharhinus acronotus" xpath="/*[local-name()='html'][1]/*[local-name()='body'][1]/*[local-name()='div'][1]/*[local-name()='div'][11]/*[local-name()='div'][4]/*[local-name()='p'][1]" match="Carcharhinus acronotus" post=" (Poey, 1860), both of which are co" name="binomial"/>
 <result pre=" Loefer &amp;amp;amp; Sedberry, 2003 ( " exact="R. terraenovae" xpath="/*[local-name()='html'][1]/*[local-name()='body'][1]/*[local-name()='div'][1]/*[local-name()='div'][11]/*[local-name()='div'][4]/*[local-name()='p'][1]" match="Rhizoprionodon terraenovae" post=") and Driggers et al., 2004 " name="binomial"/>
 <result pre="nd Driggers et al., 2004 ( " exact="C. acronotus" xpath="/*[local-name()='html'][1]/*[local-name()='body'][1]/*[local-name()='div'][1]/*[local-name()='div'][11]/*[local-name()='div'][4]/*[local-name()='p'][1]" match="Carcharhinus acronotus" post=") were used to backtransform age at" name="binomial"/>
 <result pre="From 1993 to 1998 a total of 3,419 " exact="R. terraenovae" xpath="/*[local-name()='html'][1]/*[local-name()='body'][1]/*[local-name()='div'][1]/*[local-name()='div'][11]/*[local-name()='div'][4]/*[local-name()='p'][1]" match="Rhizoprionodon terraenovae" post=" were tagged and released, of these" name="binomial"/>
 <result pre="of these 155 were recaptured. Five " exact="R. terraenovae" xpath="/*[local-name()='html'][1]/*[local-name()='body'][1]/*[local-name()='div'][1]/*[local-name()='div'][11]/*[local-name()='div'][4]/*[local-name()='p'][1]" match="Rhizoprionodon terraenovae" post=" (four male and one female) were re" name="binomial"/>
 <result pre="From 1993 to 2013 a total of 1,537 " exact="C. acronotus" xpath="/*[local-name()='html'][1]/*[local-name()='body'][1]/*[local-name()='div'][1]/*[local-name()='div'][11]/*[local-name()='div'][4]/*[local-name()='p'][1]" match="Carcharhinus acronotus" post=" were tagged and released, of these" name="binomial"/>
 <result pre="of these 24 were recaptured. Three " exact="C. acronotus" xpath="/*[local-name()='html'][1]/*[local-name()='body'][1]/*[local-name()='div'][1]/*[local-name()='div'][11]/*[local-name()='div'][4]/*[local-name()='p'][1]" match="Carcharhinus acronotus" post=" were recaptured (two males and one" name="binomial"/>
 <result pre=" were obtained from all recaptured " exact="C. acronotus" xpath="/*[local-name()='html'][1]/*[local-name()='body'][1]/*[local-name()='div'][1]/*[local-name()='div'][11]/*[local-name()='div'][4]/*[local-name()='p'][1]" match="Carcharhinus acronotus" post=". Age estimates from vertebral sect" name="binomial"/>
 <result pre=" mm (13.8 mm/year). All recaptured " exact="C. acronotus" xpath="/*[local-name()='html'][1]/*[local-name()='body'][1]/*[local-name()='div'][1]/*[local-name()='div'][11]/*[local-name()='div'][4]/*[local-name()='p'][1]" match="Carcharhinus acronotus" post=" were recovered within 15 km of ini" name="binomial"/>
 <result pre="ble 1). From direct age estimates, " exact="R. terraenovae" xpath="/*[local-name()='html'][1]/*[local-name()='body'][1]/*[local-name()='div'][1]/*[local-name()='div'][11]/*[local-name()='div'][4]/*[local-name()='p'][1]" match="Rhizoprionodon terraenovae" post=" observed maximum longevity increas" name="binomial"/>
 <result pre=" " exact="C. acronotus" xpath="/*[local-name()='html'][1]/*[local-name()='body'][1]/*[local-name()='div'][1]/*[local-name()='div'][11]/*[local-name()='div'][4]/*[local-name()='p'][1]" match="Carcharhinus acronotus" post=" observed maximum longevity from se" name="binomial"/>
 <result pre="y increase the known longevity for " exact="R. terraenovae" xpath="/*[local-name()='html'][1]/*[local-name()='body'][1]/*[local-name()='div'][1]/*[local-name()='div'][11]/*[local-name()='div'][4]/*[local-name()='p'][1]" match="Rhizoprionodon terraenovae" post=" and C. acronotus, which cou" name="binomial"/>
 <result pre="vity for R. terraenovae and " exact="C. acronotus" xpath="/*[local-name()='html'][1]/*[local-name()='body'][1]/*[local-name()='div'][1]/*[local-name()='div'][11]/*[local-name()='div'][4]/*[local-name()='p'][1]" match="Carcharhinus acronotus" post=", which could significantly affect " name="binomial"/>
 <result pre=" adequately describe the growth of " exact="R. terraenovae" xpath="/*[local-name()='html'][1]/*[local-name()='body'][1]/*[local-name()='div'][1]/*[local-name()='div'][11]/*[local-name()='div'][4]/*[local-name()='p'][1]" match="Rhizoprionodon terraenovae" post=" and C. acronotus then the o" name="binomial"/>
 <result pre="rowth of R. terraenovae and " exact="C. acronotus" xpath="/*[local-name()='html'][1]/*[local-name()='body'][1]/*[local-name()='div'][1]/*[local-name()='div'][11]/*[local-name()='div'][4]/*[local-name()='p'][1]" match="Carcharhinus acronotus" post=" then the observed differences woul" name="binomial"/>
 <result pre="Longevity of " exact="Rhizoprionodon terraenovae" xpath="/*[local-name()='html'][1]/*[local-name()='body'][1]/*[local-name()='div'][1]/*[local-name()='div'][11]/*[local-name()='div'][4]/*[local-name()='p'][1]" match="Rhizoprionodon terraenovae" post=" and Carcharhinus acronotus " name="binomial"/>
 <result pre="Rhizoprionodon terraenovae and " exact="Carcharhinus acronotus" xpath="/*[local-name()='html'][1]/*[local-name()='body'][1]/*[local-name()='div'][1]/*[local-name()='div'][11]/*[local-name()='div'][4]/*[local-name()='p'][1]" match="Carcharhinus acronotus" post=" in the western North Atlantic Ocea" name="binomial"/>
 <result pre="om 7.7-14.0 years (mean =10.1) for " exact="R. terraenovae" xpath="/*[local-name()='html'][1]/*[local-name()='body'][1]/*[local-name()='div'][1]/*[local-name()='div'][11]/*[local-name()='div'][4]/*[local-name()='p'][1]" match="Rhizoprionodon terraenovae" post=" and 10.9-12.8 years (mean =11.9) f" name="binomial"/>
 <result pre="d 10.9-12.8 years (mean =11.9) for " exact="C. acronotus" xpath="/*[local-name()='html'][1]/*[local-name()='body'][1]/*[local-name()='div'][1]/*[local-name()='div'][11]/*[local-name()='div'][4]/*[local-name()='p'][1]" match="Carcharhinus acronotus" post=". Maximum estimated longevity was d" name="binomial"/>
 <result pre="ears from direct age estimates for " exact="R. terraenovae" xpath="/*[local-name()='html'][1]/*[local-name()='body'][1]/*[local-name()='div'][1]/*[local-name()='div'][11]/*[local-name()='div'][4]/*[local-name()='p'][1]" match="Rhizoprionodon terraenovae" post=" and 22.8 years through tag-recaptu" name="binomial"/>
 <result pre="s through direct age estimates for " exact="C. acronotus" xpath="/*[local-name()='html'][1]/*[local-name()='body'][1]/*[local-name()='div'][1]/*[local-name()='div'][11]/*[local-name()='div'][4]/*[local-name()='p'][1]" match="Carcharhinus acronotus" post=". These longevity estimates represe" name="binomial"/>
 <result pre="Longevity of " exact="Rhizoprionodon terraenovae" xpath="/*[local-name()='html'][1]/*[local-name()='body'][1]/*[local-name()='div'][1]/*[local-name()='div'][11]/*[local-name()='div'][4]/*[local-name()='p'][1]" match="Rhizoprionodon terraenovae" post=" and Carcharhinus acronotus " name="binomial"/>
 <result pre="Rhizoprionodon terraenovae and " exact="Carcharhinus acronotus" xpath="/*[local-name()='html'][1]/*[local-name()='body'][1]/*[local-name()='div'][1]/*[local-name()='div'][11]/*[local-name()='div'][4]/*[local-name()='p'][1]" match="Carcharhinus acronotus" post=" in the western North Atlantic Ocea" name="binomial"/>
 <result pre="om 7.7-14.0 years (mean =10.1) for " exact="R. terraenovae" xpath="/*[local-name()='html'][1]/*[local-name()='body'][1]/*[local-name()='div'][1]/*[local-name()='div'][11]/*[local-name()='div'][4]/*[local-name()='p'][1]" match="Rhizoprionodon terraenovae" post=" and 10.9-12.8 years (mean =11.9) f" name="binomial"/>
 <result pre="d 10.9-12.8 years (mean =11.9) for " exact="C. acronotus" xpath="/*[local-name()='html'][1]/*[local-name()='body'][1]/*[local-name()='div'][1]/*[local-name()='div'][11]/*[local-name()='div'][4]/*[local-name()='p'][1]" match="Carcharhinus acronotus" post=". Maximum estimated longevity was d" name="binomial"/>
 <result pre="ears from direct age estimates for " exact="R. terraenovae" xpath="/*[local-name()='html'][1]/*[local-name()='body'][1]/*[local-name()='div'][1]/*[local-name()='div'][11]/*[local-name()='div'][4]/*[local-name()='p'][1]" match="Rhizoprionodon terraenovae" post=" and 22.8 years through tag-recaptu" name="binomial"/>
 <result pre="s through direct age estimates for " exact="C. acronotus" xpath="/*[local-name()='html'][1]/*[local-name()='body'][1]/*[local-name()='div'][1]/*[local-name()='div'][11]/*[local-name()='div'][4]/*[local-name()='p'][1]" match="Carcharhinus acronotus" post=". These longevity estimates represe" name="binomial"/>
 <result pre="l sharks (Atlantic Sharpnose Shark " exact="Rhizoprionodon terraenovae" xpath="/*[local-name()='html'][1]/*[local-name()='body'][1]/*[local-name()='div'][1]/*[local-name()='div'][11]/*[local-name()='div'][4]/*[local-name()='p'][1]" match="Rhizoprionodon terraenovae" post=" and Blacknose Shark Carcharhinu" name="binomial"/>
 <result pre="erraenovae and Blacknose Shark " exact="Carcharhinus acronotus" xpath="/*[local-name()='html'][1]/*[local-name()='body'][1]/*[local-name()='div'][1]/*[local-name()='div'][11]/*[local-name()='div'][4]/*[local-name()='p'][1]" match="Carcharhinus acronotus" post=") based on tag recapture data. Thes" name="binomial"/>
 <result pre="Longevity of " exact="Rhizoprionodon terraenovae" xpath="/*[local-name()='html'][1]/*[local-name()='body'][1]/*[local-name()='div'][1]/*[local-name()='div'][11]/*[local-name()='div'][4]/*[local-name()='p'][1]" match="Rhizoprionodon terraenovae" post=" and Carcharhinus acronotus " name="binomial"/>
 <result pre="Rhizoprionodon terraenovae and " exact="Carcharhinus acronotus" xpath="/*[local-name()='html'][1]/*[local-name()='body'][1]/*[local-name()='div'][1]/*[local-name()='div'][11]/*[local-name()='div'][4]/*[local-name()='p'][1]" match="Carcharhinus acronotus" post=" in the western North Atlantic Ocea" name="binomial"/>
 <result pre="om 7.7-14.0 years (mean =10.1) for " exact="R. terraenovae" xpath="/*[local-name()='html'][1]/*[local-name()='body'][1]/*[local-name()='div'][1]/*[local-name()='div'][11]/*[local-name()='div'][4]/*[local-name()='p'][1]" match="Rhizoprionodon terraenovae" post=" and 10.9-12.8 years (mean =11.9) f" name="binomial"/>
 <result pre="d 10.9-12.8 years (mean =11.9) for " exact="C. acronotus" xpath="/*[local-name()='html'][1]/*[local-name()='body'][1]/*[local-name()='div'][1]/*[local-name()='div'][11]/*[local-name()='div'][4]/*[local-name()='p'][1]" match="Carcharhinus acronotus" post=". Maximum estimated longevity was d" name="binomial"/>
 <result pre="ears from direct age estimates for " exact="R. terraenovae" xpath="/*[local-name()='html'][1]/*[local-name()='body'][1]/*[local-name()='div'][1]/*[local-name()='div'][11]/*[local-name()='div'][4]/*[local-name()='p'][1]" match="Rhizoprionodon terraenovae" post=" and 22.8 years through tag-recaptu" name="binomial"/>
 <result pre="s through direct age estimates for " exact="C. acronotus" xpath="/*[local-name()='html'][1]/*[local-name()='body'][1]/*[local-name()='div'][1]/*[local-name()='div'][11]/*[local-name()='div'][4]/*[local-name()='p'][1]" match="Carcharhinus acronotus" post=". These longevity estimates represe" name="binomial"/>
 <result pre="Longevity of " exact="Rhizoprionodon terraenovae" xpath="/*[local-name()='html'][1]/*[local-name()='body'][1]/*[local-name()='div'][1]/*[local-name()='div'][11]/*[local-name()='div'][4]/*[local-name()='p'][1]" match="Rhizoprionodon terraenovae" post=" and Carcharhinus acronotus " name="binomial"/>
 <result pre="Rhizoprionodon terraenovae and " exact="Carcharhinus acronotus" xpath="/*[local-name()='html'][1]/*[local-name()='body'][1]/*[local-name()='div'][1]/*[local-name()='div'][11]/*[local-name()='div'][4]/*[local-name()='p'][1]" match="Carcharhinus acronotus" post=" in the western North Atlantic Ocea" name="binomial"/>
 <result pre="om 7.7-14.0 years (mean =10.1) for " exact="R. terraenovae" xpath="/*[local-name()='html'][1]/*[local-name()='body'][1]/*[local-name()='div'][1]/*[local-name()='div'][11]/*[local-name()='div'][4]/*[local-name()='p'][1]" match="Rhizoprionodon terraenovae" post=" and 10.9-12.8 years (mean =11.9) f" name="binomial"/>
 <result pre="d 10.9-12.8 years (mean =11.9) for " exact="C. acronotus" xpath="/*[local-name()='html'][1]/*[local-name()='body'][1]/*[local-name()='div'][1]/*[local-name()='div'][11]/*[local-name()='div'][4]/*[local-name()='p'][1]" match="Carcharhinus acronotus" post=". Maximum estimated longevity was d" name="binomial"/>
 <result pre="ears from direct age estimates for " exact="R. terraenovae" xpath="/*[local-name()='html'][1]/*[local-name()='body'][1]/*[local-name()='div'][1]/*[local-name()='div'][11]/*[local-name()='div'][4]/*[local-name()='p'][1]" match="Rhizoprionodon terraenovae" post=" and 22.8 years through tag-recaptu" name="binomial"/>
 <result pre="s through direct age estimates for " exact="C. acronotus" xpath="/*[local-name()='html'][1]/*[local-name()='body'][1]/*[local-name()='div'][1]/*[local-name()='div'][11]/*[local-name()='div'][4]/*[local-name()='p'][1]" match="Carcharhinus acronotus" post=". These longevity estimates represe" name="binomial"/>
 <result pre="harks from the Northwest Atlantic; " exact="Rhizoprionodon terranovae" xpath="/*[local-name()='html'][1]/*[local-name()='body'][1]/*[local-name()='div'][1]/*[local-name()='div'][11]/*[local-name()='div'][4]/*[local-name()='p'][1]" match="Rhizoprionodon terranovae" post=", and the Carcharhinus acronotus" name="binomial"/>
 <result pre="oprionodon terranovae, and the " exact="Carcharhinus acronotus" xpath="/*[local-name()='html'][1]/*[local-name()='body'][1]/*[local-name()='div'][1]/*[local-name()='div'][11]/*[local-name()='div'][4]/*[local-name()='p'][1]" match="Carcharhinus acronotus" post=". Based on their length at tagging," name="binomial"/>
 <result pre="heoretical maximum longevities’ of " exact="R. terranovae " xpath="/*[local-name()='html'][1]/*[local-name()='body'][1]/*[local-name()='div'][1]/*[local-name()='div'][11]/*[local-name()='div'][4]/*[local-name()='p'][1]" match="Rhizoprionodon terranovae" post="are stated to be 7.1 and 6.9 years " name="binomial"/>
 <result pre="Longevity of " exact="Rhizoprionodon terraenovae" xpath="/*[local-name()='html'][1]/*[local-name()='body'][1]/*[local-name()='div'][1]/*[local-name()='div'][11]/*[local-name()='div'][4]/*[local-name()='p'][1]" match="Rhizoprionodon terraenovae" post=" and Carcharhinus acronotus " name="binomial"/>
 <result pre="Rhizoprionodon terraenovae and " exact="Carcharhinus acronotus" xpath="/*[local-name()='html'][1]/*[local-name()='body'][1]/*[local-name()='div'][1]/*[local-name()='div'][11]/*[local-name()='div'][4]/*[local-name()='p'][1]" match="Carcharhinus acronotus" post=" in the western North Atlantic Ocea" name="binomial"/>
 <result pre="om 7.7-14.0 years (mean =10.1) for " exact="R. terraenovae" xpath="/*[local-name()='html'][1]/*[local-name()='body'][1]/*[local-name()='div'][1]/*[local-name()='div'][11]/*[local-name()='div'][4]/*[local-name()='p'][1]" match="Rhizoprionodon terraenovae" post=" and 10.9-12.8 years (mean =11.9) f" name="binomial"/>
 <result pre="d 10.9-12.8 years (mean =11.9) for " exact="C. acronotus" xpath="/*[local-name()='html'][1]/*[local-name()='body'][1]/*[local-name()='div'][1]/*[local-name()='div'][11]/*[local-name()='div'][4]/*[local-name()='p'][1]" match="Carcharhinus acronotus" post=". Maximum estimated longevity was d" name="binomial"/>
 <result pre="ears from direct age estimates for " exact="R. terraenovae" xpath="/*[local-name()='html'][1]/*[local-name()='body'][1]/*[local-name()='div'][1]/*[local-name()='div'][11]/*[local-name()='div'][4]/*[local-name()='p'][1]" match="Rhizoprionodon terraenovae" post=" and 22.8 years through tag-recaptu" name="binomial"/>
 <result pre="s through direct age estimates for " exact="C. acronotus" xpath="/*[local-name()='html'][1]/*[local-name()='body'][1]/*[local-name()='div'][1]/*[local-name()='div'][11]/*[local-name()='div'][4]/*[local-name()='p'][1]" match="Carcharhinus acronotus" post=". These longevity estimates represe" name="binomial"/>
 <result pre=" that these data are available for " exact="Carcharhinus acronotus" xpath="/*[local-name()='html'][1]/*[local-name()='body'][1]/*[local-name()='div'][1]/*[local-name()='div'][11]/*[local-name()='div'][4]/*[local-name()='p'][1]" match="Carcharhinus acronotus" post=" (SEDAR 21 DW-36, http://www.sefsc." name="binomial"/>
 <result pre="thEast Data, Assessment and Review " exact="C. acronotus" xpath="/*[local-name()='html'][1]/*[local-name()='body'][1]/*[local-name()='div'][1]/*[local-name()='div'][11]/*[local-name()='div'][4]/*[local-name()='p'][1]" match="Carcharhinus acronotus" post=" stock assessment. Unfortunately, t" name="binomial"/>
 <result pre="ing variation in length-at-age for " exact="Rhizoprionodon terraenovae" match="Rhizoprionodon terraenovae" post=". The authors agree with the review" name="binomial"/>
</results>
