<?xml version="1.0" encoding="UTF-8"?>
<html xmlns="http://www.w3.org/1999/xhtml">
 <style> * { font-family : helvetica;} .font11 { font-size : 11; } .font12 { font-size : 12; } .font13 { font-size : 13; } .font14 { font-size : 14; } .font15 { font-size : 15; } .font16 { font-size : 16; } .font17 { font-size : 17; } .font18 { font-size : 18; } .font20 { font-size : 20; } .font21 { font-size : 21; } .font24 { font-size : 24; } .font26 { font-size : 26; } .font30 { font-size : 30; } .font31 { font-size : 31; }</style>
 <body>
  <p>
   <span class="font31">years </span>
   <span class="font30">age </span>
   <span class="font30">estimates </span>
   <span class="font26">longevity </span>
   <span class="font24">terraenovae </span>
   <span class="font21">data </span>
   <span class="font20">direct </span>
   <span class="font18">acronotus </span>
   <span class="font17">tag-recapture </span>
   <span class="font17">Atlantic </span>
   <span class="font17">growth </span>
   <span class="font16">Carcharhinus </span>
   <span class="font16">Rhizoprionodon </span>
   <span class="font16">al., </span>
   <span class="font15">acronotus. </span>
   <span class="font15">recapture </span>
   <span class="font15">recaptured </span>
   <span class="font15">species </span>
   <span class="font15">tagging </span>
   <span class="font15">(mean </span>
   <span class="font15">maximum </span>
   <span class="font15">sharks </span>
   <span class="font15">vertebral </span>
   <span class="font14">Age </span>
   <span class="font14">analyses </span>
   <span class="font14">.-. </span>
   <span class="font14">=.) </span>
   <span class="font14">North </span>
   <span class="font14">western </span>
   <span class="font14">shark </span>
   <span class="font13">Longevity </span>
   <span class="font13">Male </span>
   <span class="font13">estimated </span>
   <span class="font13">sections </span>
   <span class="font13">studies </span>
   <span class="font13">&amp;amp; </span>
   <span class="font13">Driggers </span>
   <span class="font13">Shark </span>
   <span class="font13">Sharks </span>
   <span class="font13">band </span>
   <span class="font13">including </span>
   <span class="font13">large </span>
   <span class="font13">length </span>
   <span class="font13">ranged </span>
   <span class="font13">tagged </span>
   <span class="font12">Maximum </span>
   <span class="font12">Ocean </span>
   <span class="font12">determined </span>
   <span class="font12">females </span>
   <span class="font12">increase </span>
   <span class="font12">information </span>
   <span class="font12">represent </span>
   <span class="font12">significant </span>
   <span class="font12">specimens </span>
   <span class="font12">stock </span>
   <span class="font12">Backtransformed </span>
   <span class="font12">Carlson </span>
   <span class="font12">Loefer </span>
   <span class="font12">Table </span>
   <span class="font12">backtransformed </span>
   <span class="font12">data. </span>
   <span class="font12">liberty </span>
   <span class="font12">lifetime </span>
   <span class="font12">males </span>
   <span class="font12">mortality </span>
   <span class="font12">observed </span>
   <span class="font12">older </span>
   <span class="font12">using </span>
   <span class="font12">Blacknose </span>
   <span class="font12">Female </span>
   <span class="font12">Reference </span>
   <span class="font12">Sharpnose </span>
   <span class="font12">Source </span>
   <span class="font12">Time-at-liberty </span>
   <span class="font12">assessments. </span>
   <span class="font12">demographic </span>
   <span class="font12">depend </span>
   <span class="font12">effects </span>
   <span class="font12">examined </span>
   <span class="font12">fecundity, </span>
   <span class="font12">life </span>
   <span class="font12">previous </span>
   <span class="font12">rates, </span>
   <span class="font12">recaptures </span>
   <span class="font12">sample </span>
   <span class="font12">theoretical </span>
   <span class="font11">Competing </span>
   <span class="font11">Gulf </span>
   <span class="font11">Sedberry, </span>
   <span class="font11">added </span>
   <span class="font11">appropriate </span>
   <span class="font11">based </span>
   <span class="font11">believe </span>
   <span class="font11">competing </span>
   <span class="font11">disclosed. </span>
   <span class="font11">individuals </span>
   <span class="font11">initial </span>
   <span class="font11">interests </span>
   <span class="font11">interests: </span>
   <span class="font11">measurements </span>
   <span class="font11">note </span>
   <span class="font11">published </span>
   <span class="font11">shark, </span>
   <span class="font11">size </span>
   <span class="font11">used </span>
   <span class="font11">vertebrae </span>
   <span class="font11">Carolina </span>
   <span class="font11">Figure </span>
   <span class="font11">Fish </span>
   <span class="font11">Francis </span>
   <span class="font11">Frazier </span>
   <span class="font11">Initial </span>
   <span class="font11">South </span>
   <span class="font11">United </span>
   <span class="font11">ages </span>
   <span class="font11">background </span>
   <span class="font11">estimate </span>
   <span class="font11">estimates, </span>
   <span class="font11">evidence </span>
   <span class="font11">given </span>
   <span class="font11">note. </span>
   <span class="font11">parameter </span>
   <span class="font11">population </span>
   <span class="font11">rates </span>
   <span class="font11">reported </span>
   <span class="font11">research </span>
   <span class="font11">scientific </span>
   <span class="font11">sharks. </span>
   <span class="font11">tag </span>
   <span class="font11">tagging, </span>
   <span class="font11">think </span>
   <span class="font11">total </span>
   <span class="font11">vertebra </span>
  </p>
 </body>
</html>
