<?xml version="1.0" encoding="UTF-8"?>
<results title="frequencies">
 <result title="frequency" word="years" count="58"/>
 <result title="frequency" word="age" count="55"/>
 <result title="frequency" word="estimates" count="54"/>
 <result title="frequency" word="longevity" count="44"/>
 <result title="frequency" word="terraenovae" count="39"/>
 <result title="frequency" word="data" count="31"/>
 <result title="frequency" word="direct" count="29"/>
 <result title="frequency" word="acronotus" count="23"/>
 <result title="frequency" word="tag-recapture" count="21"/>
 <result title="frequency" word="Atlantic" count="19"/>
 <result title="frequency" word="growth" count="19"/>
 <result title="frequency" word="Carcharhinus" count="18"/>
 <result title="frequency" word="Rhizoprionodon" count="18"/>
 <result title="frequency" word="al.," count="17"/>
 <result title="frequency" word="acronotus." count="15"/>
 <result title="frequency" word="recapture" count="15"/>
 <result title="frequency" word="recaptured" count="15"/>
 <result title="frequency" word="species" count="15"/>
 <result title="frequency" word="tagging" count="15"/>
 <result title="frequency" word="(mean" count="14"/>
 <result title="frequency" word="maximum" count="14"/>
 <result title="frequency" word="sharks" count="14"/>
 <result title="frequency" word="vertebral" count="14"/>
 <result title="frequency" word="Age" count="13"/>
 <result title="frequency" word="analyses" count="13"/>
 <result title="frequency" word=".-." count="12"/>
 <result title="frequency" word="=.)" count="12"/>
 <result title="frequency" word="North" count="12"/>
 <result title="frequency" word="western" count="12"/>
 <result title="frequency" word="shark" count="11"/>
 <result title="frequency" word="Longevity" count="10"/>
 <result title="frequency" word="Male" count="10"/>
 <result title="frequency" word="estimated" count="10"/>
 <result title="frequency" word="sections" count="10"/>
 <result title="frequency" word="studies" count="10"/>
 <result title="frequency" word="&amp;amp;" count="9"/>
 <result title="frequency" word="Driggers" count="9"/>
 <result title="frequency" word="Shark" count="9"/>
 <result title="frequency" word="Sharks" count="9"/>
 <result title="frequency" word="band" count="9"/>
 <result title="frequency" word="including" count="9"/>
 <result title="frequency" word="large" count="9"/>
 <result title="frequency" word="length" count="9"/>
 <result title="frequency" word="ranged" count="9"/>
 <result title="frequency" word="tagged" count="9"/>
 <result title="frequency" word="Maximum" count="8"/>
 <result title="frequency" word="Ocean" count="8"/>
 <result title="frequency" word="determined" count="8"/>
 <result title="frequency" word="females" count="8"/>
 <result title="frequency" word="increase" count="8"/>
 <result title="frequency" word="information" count="8"/>
 <result title="frequency" word="represent" count="8"/>
 <result title="frequency" word="significant" count="8"/>
 <result title="frequency" word="specimens" count="8"/>
 <result title="frequency" word="stock" count="8"/>
 <result title="frequency" word="Backtransformed" count="7"/>
 <result title="frequency" word="Carlson" count="7"/>
 <result title="frequency" word="Loefer" count="7"/>
 <result title="frequency" word="Table" count="7"/>
 <result title="frequency" word="backtransformed" count="7"/>
 <result title="frequency" word="data." count="7"/>
 <result title="frequency" word="liberty" count="7"/>
 <result title="frequency" word="lifetime" count="7"/>
 <result title="frequency" word="males" count="7"/>
 <result title="frequency" word="mortality" count="7"/>
 <result title="frequency" word="observed" count="7"/>
 <result title="frequency" word="older" count="7"/>
 <result title="frequency" word="using" count="7"/>
 <result title="frequency" word="Blacknose" count="6"/>
 <result title="frequency" word="Female" count="6"/>
 <result title="frequency" word="Reference" count="6"/>
 <result title="frequency" word="Sharpnose" count="6"/>
 <result title="frequency" word="Source" count="6"/>
 <result title="frequency" word="Time-at-liberty" count="6"/>
 <result title="frequency" word="assessments." count="6"/>
 <result title="frequency" word="demographic" count="6"/>
 <result title="frequency" word="depend" count="6"/>
 <result title="frequency" word="effects" count="6"/>
 <result title="frequency" word="examined" count="6"/>
 <result title="frequency" word="fecundity," count="6"/>
 <result title="frequency" word="life" count="6"/>
 <result title="frequency" word="previous" count="6"/>
 <result title="frequency" word="rates," count="6"/>
 <result title="frequency" word="recaptures" count="6"/>
 <result title="frequency" word="sample" count="6"/>
 <result title="frequency" word="theoretical" count="6"/>
 <result title="frequency" word="Competing" count="5"/>
 <result title="frequency" word="Gulf" count="5"/>
 <result title="frequency" word="Sedberry," count="5"/>
 <result title="frequency" word="added" count="5"/>
 <result title="frequency" word="appropriate" count="5"/>
 <result title="frequency" word="based" count="5"/>
 <result title="frequency" word="believe" count="5"/>
 <result title="frequency" word="competing" count="5"/>
 <result title="frequency" word="disclosed." count="5"/>
 <result title="frequency" word="individuals" count="5"/>
 <result title="frequency" word="initial" count="5"/>
 <result title="frequency" word="interests" count="5"/>
 <result title="frequency" word="interests:" count="5"/>
 <result title="frequency" word="measurements" count="5"/>
 <result title="frequency" word="note" count="5"/>
 <result title="frequency" word="published" count="5"/>
 <result title="frequency" word="shark," count="5"/>
 <result title="frequency" word="size" count="5"/>
 <result title="frequency" word="used" count="5"/>
 <result title="frequency" word="vertebrae" count="5"/>
 <result title="frequency" word="Carolina" count="4"/>
 <result title="frequency" word="Figure" count="4"/>
 <result title="frequency" word="Fish" count="4"/>
 <result title="frequency" word="Francis" count="4"/>
 <result title="frequency" word="Frazier" count="4"/>
 <result title="frequency" word="Initial" count="4"/>
 <result title="frequency" word="South" count="4"/>
 <result title="frequency" word="United" count="4"/>
 <result title="frequency" word="ages" count="4"/>
 <result title="frequency" word="background" count="4"/>
 <result title="frequency" word="estimate" count="4"/>
 <result title="frequency" word="estimates," count="4"/>
 <result title="frequency" word="evidence" count="4"/>
 <result title="frequency" word="given" count="4"/>
 <result title="frequency" word="note." count="4"/>
 <result title="frequency" word="parameter" count="4"/>
 <result title="frequency" word="population" count="4"/>
 <result title="frequency" word="rates" count="4"/>
 <result title="frequency" word="reported" count="4"/>
 <result title="frequency" word="research" count="4"/>
 <result title="frequency" word="scientific" count="4"/>
 <result title="frequency" word="sharks." count="4"/>
 <result title="frequency" word="tag" count="4"/>
 <result title="frequency" word="tagging," count="4"/>
 <result title="frequency" word="think" count="4"/>
 <result title="frequency" word="total" count="4"/>
 <result title="frequency" word="vertebra" count="4"/>
</results>
