<?xml version="1.0" encoding="UTF-8"?>
<snippetsTree>
 <snippets file="target/tutorial/mixed/file2/results/word/frequencies/results.xml">
  <result title="frequency" word="dogs" count="111"/>
  <result title="frequency" word="wolves" count="88"/>
  <result title="frequency" word="social" count="76"/>
  <result title="frequency" word="al.," count="63"/>
  <result title="frequency" word="human" count="42"/>
  <result title="frequency" word="humans" count="34"/>
  <result title="frequency" word="Anim." count="29"/>
  <result title="frequency" word="attention" count="26"/>
  <result title="frequency" word="Behav." count="24"/>
  <result title="frequency" word="VirÃ¡nyi" count="24"/>
  <result title="frequency" word="behavior" count="24"/>
  <result title="frequency" word="food" count="24"/>
  <result title="frequency" word="Range" count="23"/>
  <result title="frequency" word="Social" count="21"/>
 </snippets>
</snippetsTree>
