<?xml version="1.0" encoding="UTF-8"?>
<projectSnippetsTree>
 <snippetsTree>
  <snippets file="target/tutorial/mixed/file0/results/word/frequencies/results.xml">
   <result title="frequency" word="LALv" count="235"/>
   <result title="frequency" word="lineage" count="195"/>
   <result title="frequency" word="otd" count="193"/>
   <result title="frequency" word="antennal" count="134"/>
   <result title="frequency" word="neuroblast" count="115"/>
   <result title="frequency" word="lobe" count="107"/>
   <result title="frequency" word="neurons" count="107"/>
   <result title="frequency" word="−/−" count="104"/>
   <result title="frequency" word="brain" count="93"/>
   <result title="frequency" word="Figure" count="92"/>
   <result title="frequency" word="al.," count="75"/>
   <result title="frequency" word="transformed" count="68"/>
   <result title="frequency" word="cell" count="65"/>
   <result title="frequency" word="clones" count="63"/>
   <result title="frequency" word="central" count="57"/>
   <result title="frequency" word="wild-type" count="56"/>
   <result title="frequency" word="Drosophila" count="55"/>
   <result title="frequency" word="neural" count="54"/>
   <result title="frequency" word="lineage." count="53"/>
   <result title="frequency" word="complex" count="48"/>
   <result title="frequency" word="cells" count="46"/>
   <result title="frequency" word="ALad" count="44"/>
   <result title="frequency" word="functional" count="44"/>
   <result title="frequency" word="Otd" count="42"/>
   <result title="frequency" word="olfactory" count="41"/>
   <result title="frequency" word="tract" count="40"/>
   <result title="frequency" word="MARCM" count="39"/>
   <result title="frequency" word="adult" count="39"/>
   <result title="frequency" word="expression" count="39"/>
   <result title="frequency" word="lineages" count="39"/>
   <result title="frequency" word="lines" count="39"/>
   <result title="frequency" word="identity" count="38"/>
   <result title="frequency" word="projection" count="38"/>
   <result title="frequency" word="dotted" count="32"/>
   <result title="frequency" word="labelled" count="32"/>
   <result title="frequency" word="single" count="32"/>
   <result title="frequency" word="driver" count="31"/>
   <result title="frequency" word="ALv" count="30"/>
   <result title="frequency" word="different" count="30"/>
   <result title="frequency" word="molecular" count="30"/>
   <result title="frequency" word="loss" count="28"/>
   <result title="frequency" word="gene" count="27"/>
   <result title="frequency" word="used" count="27"/>
   <result title="frequency" word="./eLife.." count="26"/>
   <result title="frequency" word="development" count="26"/>
   <result title="frequency" word="lateral" count="26"/>
   <result title="frequency" word="brain." count="25"/>
   <result title="frequency" word="larval" count="25"/>
   <result title="frequency" word="shows" count="25"/>
   <result title="frequency" word="DOI:" count="24"/>
   <result title="frequency" word="http://dx.doi.org/./eLife.." count="24"/>
   <result title="frequency" word="transformation" count="24"/>
   <result title="frequency" word="lineage," count="23"/>
   <result title="frequency" word="Gal" count="22"/>
   <result title="frequency" word="neuroblasts" count="22"/>
   <result title="frequency" word="neuronal" count="22"/>
   <result title="frequency" word="-/-" count="21"/>
   <result title="frequency" word="bodies" count="21"/>
  </snippets>
 </snippetsTree>
 <snippetsTree>
  <snippets file="target/tutorial/mixed/file1/results/word/frequencies/results.xml">
   <result title="frequency" word="years" count="58"/>
   <result title="frequency" word="age" count="55"/>
   <result title="frequency" word="estimates" count="54"/>
   <result title="frequency" word="longevity" count="44"/>
   <result title="frequency" word="terraenovae" count="39"/>
   <result title="frequency" word="data" count="31"/>
   <result title="frequency" word="direct" count="29"/>
   <result title="frequency" word="acronotus" count="23"/>
   <result title="frequency" word="tag-recapture" count="21"/>
  </snippets>
 </snippetsTree>
 <snippetsTree>
  <snippets file="target/tutorial/mixed/file2/results/word/frequencies/results.xml">
   <result title="frequency" word="dogs" count="111"/>
   <result title="frequency" word="wolves" count="88"/>
   <result title="frequency" word="social" count="76"/>
   <result title="frequency" word="al.," count="63"/>
   <result title="frequency" word="human" count="42"/>
   <result title="frequency" word="humans" count="34"/>
   <result title="frequency" word="Anim." count="29"/>
   <result title="frequency" word="attention" count="26"/>
   <result title="frequency" word="Behav." count="24"/>
   <result title="frequency" word="Virányi" count="24"/>
   <result title="frequency" word="behavior" count="24"/>
   <result title="frequency" word="food" count="24"/>
   <result title="frequency" word="Range" count="23"/>
   <result title="frequency" word="Social" count="21"/>
  </snippets>
 </snippetsTree>
 <snippetsTree>
  <snippets file="target/tutorial/mixed/file3/results/word/frequencies/results.xml">
   <result title="frequency" word="samples" count="35"/>
   <result title="frequency" word="Fusarium" count="30"/>
   <result title="frequency" word="Figure" count="27"/>
   <result title="frequency" word="volatile" count="27"/>
   <result title="frequency" word="poae" count="26"/>
  </snippets>
 </snippetsTree>
 <snippetsTree>
  <snippets file="target/tutorial/mixed/file4/results/word/frequencies/results.xml">
   <result title="frequency" word="wwox" count="63"/>
   <result title="frequency" word="zebrafish" count="34"/>
   <result title="frequency" word="embryos" count="28"/>
   <result title="frequency" word="WWOX" count="23"/>
   <result title="frequency" word="using" count="23"/>
  </snippets>
 </snippetsTree>
 <snippetsTree>
  <snippets file="target/tutorial/mixed/file5/results/word/frequencies/results.xml">
   <result title="frequency" word="Girardia" count="36"/>
   <result title="frequency" word="species" count="32"/>
   <result title="frequency" word="glands" count="31"/>
   <result title="frequency" word="(Fig." count="25"/>
   <result title="frequency" word="(Figs" count="22"/>
  </snippets>
 </snippetsTree>
 <snippetsTree>
  <snippets file="target/tutorial/mixed/file6/results/word/frequencies/results.xml">
   <result title="frequency" word="Sulawesi" count="46"/>
   <result title="frequency" word="species" count="41"/>
   <result title="frequency" word="larvaepartus" count="37"/>
   <result title="frequency" word="Limnonectes" count="35"/>
   <result title="frequency" word="tadpoles" count="33"/>
  </snippets>
 </snippetsTree>
</projectSnippetsTree>
