<?xml version="1.0" encoding="UTF-8"?>
<cTreeFiles cTree="target/tutorial/mixed/file6">
 <file name="target/tutorial/mixed/file6/results/word/frequencies/results.xml"/>
</cTreeFiles>
