<?xml version="1.0" encoding="UTF-8"?>
<html xmlns="http://www.w3.org/1999/xhtml">
 <style> * { font-family : helvetica;} .font16 { font-size : 16; } .font17 { font-size : 17; } .font21 { font-size : 21; } .font24 { font-size : 24; } .font26 { font-size : 26; } .font10 { font-size : 10; } .font11 { font-size : 11; } .font12 { font-size : 12; } .font13 { font-size : 13; } .font30 { font-size : 30; } .font14 { font-size : 14; } .font15 { font-size : 15; }</style>
 <body>
  <p>
   <span class="font30">dogs </span>
   <span class="font26">wolves </span>
   <span class="font24">social </span>
   <span class="font21">al., </span>
   <span class="font17">human </span>
   <span class="font16">humans </span>
   <span class="font15">Anim. </span>
   <span class="font14">attention </span>
   <span class="font14">Behav. </span>
   <span class="font14">Virányi </span>
   <span class="font14">behavior </span>
   <span class="font14">food </span>
   <span class="font14">Range </span>
   <span class="font13">Social </span>
   <span class="font13">Miklósi </span>
   <span class="font13">domestication </span>
   <span class="font13">interactions </span>
   <span class="font13">tolerance </span>
   <span class="font13">Topál </span>
   <span class="font13">dog </span>
   <span class="font12">conspecific </span>
   <span class="font12">Cogn. </span>
   <span class="font12">attentiveness </span>
   <span class="font12">cooperative </span>
   <span class="font12">differences </span>
   <span class="font12">dogs. </span>
   <span class="font12">Wolf </span>
   <span class="font12">animals </span>
   <span class="font12">cooperation </span>
   <span class="font12">Biol. </span>
   <span class="font12">Huber </span>
   <span class="font12">Sci. </span>
   <span class="font12">aggression </span>
   <span class="font12">Canis </span>
   <span class="font12">Tomasello </span>
   <span class="font12">learning </span>
   <span class="font12">skills </span>
   <span class="font12">./j.anbehav... </span>
   <span class="font12">./s--- </span>
   <span class="font12">Hare </span>
   <span class="font12">Science </span>
   <span class="font12">University </span>
   <span class="font12">gaze </span>
   <span class="font12">species </span>
   <span class="font12">study </span>
   <span class="font12">successful </span>
   <span class="font11">(Range </span>
   <span class="font11">Cooperation </span>
   <span class="font11">Gácsi </span>
   <span class="font11">conspecifics </span>
   <span class="font11">control </span>
   <span class="font11">demonstration </span>
   <span class="font11">demonstrator </span>
   <span class="font11">evolutionary </span>
   <span class="font11">high </span>
   <span class="font11">hypotheses </span>
   <span class="font11">partners </span>
   <span class="font11">wolves, </span>
   <span class="font11">Csányi </span>
   <span class="font11">Udell </span>
   <span class="font11">cognitive </span>
   <span class="font11">dog-human </span>
   <span class="font11">domestic </span>
   <span class="font11">evolution </span>
   <span class="font11">following </span>
   <span class="font11">tolerant </span>
   <span class="font11">wolves. </span>
   <span class="font11">Press), </span>
   <span class="font11">Virányi, </span>
   <span class="font11">behaviour </span>
   <span class="font11">box </span>
   <span class="font11">dominance </span>
   <span class="font11">free-ranging </span>
   <span class="font11">however, </span>
   <span class="font11">observed </span>
   <span class="font11">results </span>
   <span class="font11">suggested </span>
   <span class="font11">test </span>
   <span class="font11">(Figure </span>
   <span class="font11">Canine </span>
   <span class="font11">Hypothesis </span>
   <span class="font11">Psychol. </span>
   <span class="font11">attentive </span>
   <span class="font11">chick </span>
   <span class="font11">close </span>
   <span class="font11">cooperation. </span>
   <span class="font11">did </span>
   <span class="font11">different </span>
   <span class="font11">dogs, </span>
   <span class="font11">eds </span>
   <span class="font11">humans, </span>
   <span class="font11">important </span>
   <span class="font11">possible </span>
   <span class="font11">reward </span>
   <span class="font11">task. </span>
   <span class="font11">Comp. </span>
   <span class="font11">Corvus </span>
   <span class="font11">Horn </span>
   <span class="font11">Kubinyi </span>
   <span class="font11">Mech </span>
   <span class="font11">Moreover, </span>
   <span class="font11">abilities </span>
   <span class="font11">action </span>
   <span class="font11">changes </span>
   <span class="font11">contexts </span>
   <span class="font11">familiaris) </span>
   <span class="font11">gradient </span>
   <span class="font11">pay </span>
   <span class="font11">problem </span>
   <span class="font11">proposed </span>
   <span class="font11">research </span>
   <span class="font11">shown </span>
   <span class="font11">socialization </span>
   <span class="font11">task </span>
   <span class="font10">(Hare </span>
   <span class="font10">./-... </span>
   <span class="font10">Boitani </span>
   <span class="font10">Dog </span>
   <span class="font10">Dorey </span>
   <span class="font10">However, </span>
   <span class="font10">Kaminski </span>
   <span class="font10">Marshall-Pescini </span>
   <span class="font10">Processes </span>
   <span class="font10">Range, </span>
   <span class="font10">Soc. </span>
   <span class="font10">Wolves </span>
   <span class="font10">Wynne </span>
   <span class="font10">actions </span>
   <span class="font10">better </span>
   <span class="font10">communication </span>
   <span class="font10">comparing </span>
   <span class="font10">condition </span>
   <span class="font10">conspecifics. </span>
   <span class="font10">contrast </span>
   <span class="font10">cooperation, </span>
   <span class="font10">demonstration, </span>
   <span class="font10">details </span>
   <span class="font10">development </span>
   <span class="font10">effects </span>
   <span class="font10">enhancement </span>
   <span class="font10">expect </span>
   <span class="font10">experiments </span>
   <span class="font10">fear </span>
   <span class="font10">group </span>
   <span class="font10">humans. </span>
   <span class="font10">investigate </span>
   <span class="font10">just </span>
   <span class="font10">live </span>
   <span class="font10">look </span>
   <span class="font10">need </span>
   <span class="font10">order </span>
   <span class="font10">outperform </span>
   <span class="font10">relevant </span>
   <span class="font10">rely </span>
   <span class="font10">reward. </span>
   <span class="font10">selected </span>
   <span class="font10">socially </span>
   <span class="font10">subjects </span>
   <span class="font10">success </span>
   <span class="font10">support </span>
   <span class="font10">them, </span>
   <span class="font10">using </span>
   <span class="font10">wolf </span>
   <span class="font10">"with" </span>
   <span class="font10">"without" </span>
   <span class="font10">(Miklósi </span>
   <span class="font10">(see </span>
   <span class="font10">./j.beproc... </span>
   <span class="font10">./journal.pone. </span>
   <span class="font10">Behavior, </span>
   <span class="font10">Behaviour </span>
   <span class="font10">Bugnyar </span>
   <span class="font10">CONCEPT </span>
   <span class="font10">Cafazzo </span>
   <span class="font10">Curr. </span>
   <span class="font10">Figure </span>
   <span class="font10">Importantly, </span>
   <span class="font10">KEY </span>
   <span class="font10">Melis </span>
   <span class="font10">Pan </span>
   <span class="font10">Proc. </span>
   <span class="font10">Research </span>
   <span class="font10">Scheid </span>
   <span class="font10">adjust </span>
   <span class="font10">aggressive </span>
   <span class="font10">basis </span>
   <span class="font10">characterized </span>
   <span class="font10">chimpanzees </span>
   <span class="font10">cognition </span>
   <span class="font10">comparison </span>
   <span class="font10">conditions </span>
   <span class="font10">conducted </span>
   <span class="font10">cooperativeness </span>
   <span class="font10">data </span>
   <span class="font10">demonstrations </span>
   <span class="font10">described </span>
   <span class="font10">difference </span>
   <span class="font10">dog-wolf </span>
   <span class="font10">ecology </span>
   <span class="font10">effect </span>
   <span class="font10">established </span>
   <span class="font10">extent </span>
   <span class="font10">far </span>
   <span class="font10">follow </span>
   <span class="font10">groups </span>
   <span class="font10">hidden </span>
   <span class="font10">imitation </span>
   <span class="font10">individual </span>
   <span class="font10">interacting </span>
   <span class="font10">intraspecific </span>
   <span class="font10">is, </span>
   <span class="font10">know </span>
   <span class="font10">large </span>
   <span class="font10">learn </span>
   <span class="font10">life </span>
   <span class="font10">local </span>
   <span class="font10">macaque </span>
   <span class="font10">mechanisms </span>
   <span class="font10">necessary </span>
   <span class="font10">opening </span>
   <span class="font10">paid </span>
   <span class="font10">partner </span>
   <span class="font10">potential </span>
   <span class="font10">provided </span>
   <span class="font10">readily </span>
   <span class="font10">relationship </span>
   <span class="font10">relationships </span>
   <span class="font10">review </span>
   <span class="font10">selection </span>
   <span class="font10">showed </span>
   <span class="font10">similar </span>
   <span class="font10">socialized </span>
   <span class="font10">solve </span>
   <span class="font10">species. </span>
   <span class="font10">suggesting </span>
   <span class="font10">supported </span>
   <span class="font10">used </span>
   <span class="font10">usually </span>
   <span class="font10">wild-living </span>
   <span class="font10">work </span>
   <span class="font10">young </span>
  </p>
 </body>
</html>
