<?xml version="1.0" encoding="UTF-8"?>
<results title="frequencies">
 <result title="frequency" word="dogs" count="111"/>
 <result title="frequency" word="wolves" count="88"/>
 <result title="frequency" word="social" count="76"/>
 <result title="frequency" word="al.," count="63"/>
 <result title="frequency" word="human" count="42"/>
 <result title="frequency" word="humans" count="34"/>
 <result title="frequency" word="Anim." count="29"/>
 <result title="frequency" word="attention" count="26"/>
 <result title="frequency" word="Behav." count="24"/>
 <result title="frequency" word="Virányi" count="24"/>
 <result title="frequency" word="behavior" count="24"/>
 <result title="frequency" word="food" count="24"/>
 <result title="frequency" word="Range" count="23"/>
 <result title="frequency" word="Social" count="21"/>
 <result title="frequency" word="Miklósi" count="20"/>
 <result title="frequency" word="domestication" count="20"/>
 <result title="frequency" word="interactions" count="20"/>
 <result title="frequency" word="tolerance" count="20"/>
 <result title="frequency" word="Topál" count="18"/>
 <result title="frequency" word="dog" count="18"/>
 <result title="frequency" word="conspecific" count="16"/>
 <result title="frequency" word="Cogn." count="15"/>
 <result title="frequency" word="attentiveness" count="15"/>
 <result title="frequency" word="cooperative" count="15"/>
 <result title="frequency" word="differences" count="15"/>
 <result title="frequency" word="dogs." count="15"/>
 <result title="frequency" word="Wolf" count="14"/>
 <result title="frequency" word="animals" count="14"/>
 <result title="frequency" word="cooperation" count="14"/>
 <result title="frequency" word="Biol." count="13"/>
 <result title="frequency" word="Huber" count="13"/>
 <result title="frequency" word="Sci." count="13"/>
 <result title="frequency" word="aggression" count="13"/>
 <result title="frequency" word="Canis" count="12"/>
 <result title="frequency" word="Tomasello" count="12"/>
 <result title="frequency" word="learning" count="12"/>
 <result title="frequency" word="skills" count="12"/>
 <result title="frequency" word="./j.anbehav..." count="11"/>
 <result title="frequency" word="./s---" count="11"/>
 <result title="frequency" word="Hare" count="11"/>
 <result title="frequency" word="Science" count="11"/>
 <result title="frequency" word="University" count="11"/>
 <result title="frequency" word="gaze" count="11"/>
 <result title="frequency" word="species" count="11"/>
 <result title="frequency" word="study" count="11"/>
 <result title="frequency" word="successful" count="11"/>
 <result title="frequency" word="(Range" count="10"/>
 <result title="frequency" word="Cooperation" count="10"/>
 <result title="frequency" word="Gácsi" count="10"/>
 <result title="frequency" word="conspecifics" count="10"/>
 <result title="frequency" word="control" count="10"/>
 <result title="frequency" word="demonstration" count="10"/>
 <result title="frequency" word="demonstrator" count="10"/>
 <result title="frequency" word="evolutionary" count="10"/>
 <result title="frequency" word="high" count="10"/>
 <result title="frequency" word="hypotheses" count="10"/>
 <result title="frequency" word="partners" count="10"/>
 <result title="frequency" word="wolves," count="10"/>
 <result title="frequency" word="Csányi" count="9"/>
 <result title="frequency" word="Udell" count="9"/>
 <result title="frequency" word="cognitive" count="9"/>
 <result title="frequency" word="dog-human" count="9"/>
 <result title="frequency" word="domestic" count="9"/>
 <result title="frequency" word="evolution" count="9"/>
 <result title="frequency" word="following" count="9"/>
 <result title="frequency" word="tolerant" count="9"/>
 <result title="frequency" word="wolves." count="9"/>
 <result title="frequency" word="Press)," count="8"/>
 <result title="frequency" word="Virányi," count="8"/>
 <result title="frequency" word="behaviour" count="8"/>
 <result title="frequency" word="box" count="8"/>
 <result title="frequency" word="dominance" count="8"/>
 <result title="frequency" word="free-ranging" count="8"/>
 <result title="frequency" word="however," count="8"/>
 <result title="frequency" word="observed" count="8"/>
 <result title="frequency" word="results" count="8"/>
 <result title="frequency" word="suggested" count="8"/>
 <result title="frequency" word="test" count="8"/>
 <result title="frequency" word="(Figure" count="7"/>
 <result title="frequency" word="Canine" count="7"/>
 <result title="frequency" word="Hypothesis" count="7"/>
 <result title="frequency" word="Psychol." count="7"/>
 <result title="frequency" word="attentive" count="7"/>
 <result title="frequency" word="chick" count="7"/>
 <result title="frequency" word="close" count="7"/>
 <result title="frequency" word="cooperation." count="7"/>
 <result title="frequency" word="did" count="7"/>
 <result title="frequency" word="different" count="7"/>
 <result title="frequency" word="dogs," count="7"/>
 <result title="frequency" word="eds" count="7"/>
 <result title="frequency" word="humans," count="7"/>
 <result title="frequency" word="important" count="7"/>
 <result title="frequency" word="possible" count="7"/>
 <result title="frequency" word="reward" count="7"/>
 <result title="frequency" word="task." count="7"/>
 <result title="frequency" word="Comp." count="6"/>
 <result title="frequency" word="Corvus" count="6"/>
 <result title="frequency" word="Horn" count="6"/>
 <result title="frequency" word="Kubinyi" count="6"/>
 <result title="frequency" word="Mech" count="6"/>
 <result title="frequency" word="Moreover," count="6"/>
 <result title="frequency" word="abilities" count="6"/>
 <result title="frequency" word="action" count="6"/>
 <result title="frequency" word="changes" count="6"/>
 <result title="frequency" word="contexts" count="6"/>
 <result title="frequency" word="familiaris)" count="6"/>
 <result title="frequency" word="gradient" count="6"/>
 <result title="frequency" word="pay" count="6"/>
 <result title="frequency" word="problem" count="6"/>
 <result title="frequency" word="proposed" count="6"/>
 <result title="frequency" word="research" count="6"/>
 <result title="frequency" word="shown" count="6"/>
 <result title="frequency" word="socialization" count="6"/>
 <result title="frequency" word="task" count="6"/>
 <result title="frequency" word="(Hare" count="5"/>
 <result title="frequency" word="./-..." count="5"/>
 <result title="frequency" word="Boitani" count="5"/>
 <result title="frequency" word="Dog" count="5"/>
 <result title="frequency" word="Dorey" count="5"/>
 <result title="frequency" word="However," count="5"/>
 <result title="frequency" word="Kaminski" count="5"/>
 <result title="frequency" word="Marshall-Pescini" count="5"/>
 <result title="frequency" word="Processes" count="5"/>
 <result title="frequency" word="Range," count="5"/>
 <result title="frequency" word="Soc." count="5"/>
 <result title="frequency" word="Wolves" count="5"/>
 <result title="frequency" word="Wynne" count="5"/>
 <result title="frequency" word="actions" count="5"/>
 <result title="frequency" word="better" count="5"/>
 <result title="frequency" word="communication" count="5"/>
 <result title="frequency" word="comparing" count="5"/>
 <result title="frequency" word="condition" count="5"/>
 <result title="frequency" word="conspecifics." count="5"/>
 <result title="frequency" word="contrast" count="5"/>
 <result title="frequency" word="cooperation," count="5"/>
 <result title="frequency" word="demonstration," count="5"/>
 <result title="frequency" word="details" count="5"/>
 <result title="frequency" word="development" count="5"/>
 <result title="frequency" word="effects" count="5"/>
 <result title="frequency" word="enhancement" count="5"/>
 <result title="frequency" word="expect" count="5"/>
 <result title="frequency" word="experiments" count="5"/>
 <result title="frequency" word="fear" count="5"/>
 <result title="frequency" word="group" count="5"/>
 <result title="frequency" word="humans." count="5"/>
 <result title="frequency" word="investigate" count="5"/>
 <result title="frequency" word="just" count="5"/>
 <result title="frequency" word="live" count="5"/>
 <result title="frequency" word="look" count="5"/>
 <result title="frequency" word="need" count="5"/>
 <result title="frequency" word="order" count="5"/>
 <result title="frequency" word="outperform" count="5"/>
 <result title="frequency" word="relevant" count="5"/>
 <result title="frequency" word="rely" count="5"/>
 <result title="frequency" word="reward." count="5"/>
 <result title="frequency" word="selected" count="5"/>
 <result title="frequency" word="socially" count="5"/>
 <result title="frequency" word="subjects" count="5"/>
 <result title="frequency" word="success" count="5"/>
 <result title="frequency" word="support" count="5"/>
 <result title="frequency" word="them," count="5"/>
 <result title="frequency" word="using" count="5"/>
 <result title="frequency" word="wolf" count="5"/>
 <result title="frequency" word="&quot;with&quot;" count="4"/>
 <result title="frequency" word="&quot;without&quot;" count="4"/>
 <result title="frequency" word="(Miklósi" count="4"/>
 <result title="frequency" word="(see" count="4"/>
 <result title="frequency" word="./j.beproc..." count="4"/>
 <result title="frequency" word="./journal.pone." count="4"/>
 <result title="frequency" word="Behavior," count="4"/>
 <result title="frequency" word="Behaviour" count="4"/>
 <result title="frequency" word="Bugnyar" count="4"/>
 <result title="frequency" word="CONCEPT" count="4"/>
 <result title="frequency" word="Cafazzo" count="4"/>
 <result title="frequency" word="Curr." count="4"/>
 <result title="frequency" word="Figure" count="4"/>
 <result title="frequency" word="Importantly," count="4"/>
 <result title="frequency" word="KEY" count="4"/>
 <result title="frequency" word="Melis" count="4"/>
 <result title="frequency" word="Pan" count="4"/>
 <result title="frequency" word="Proc." count="4"/>
 <result title="frequency" word="Research" count="4"/>
 <result title="frequency" word="Scheid" count="4"/>
 <result title="frequency" word="adjust" count="4"/>
 <result title="frequency" word="aggressive" count="4"/>
 <result title="frequency" word="basis" count="4"/>
 <result title="frequency" word="characterized" count="4"/>
 <result title="frequency" word="chimpanzees" count="4"/>
 <result title="frequency" word="cognition" count="4"/>
 <result title="frequency" word="comparison" count="4"/>
 <result title="frequency" word="conditions" count="4"/>
 <result title="frequency" word="conducted" count="4"/>
 <result title="frequency" word="cooperativeness" count="4"/>
 <result title="frequency" word="data" count="4"/>
 <result title="frequency" word="demonstrations" count="4"/>
 <result title="frequency" word="described" count="4"/>
 <result title="frequency" word="difference" count="4"/>
 <result title="frequency" word="dog-wolf" count="4"/>
 <result title="frequency" word="ecology" count="4"/>
 <result title="frequency" word="effect" count="4"/>
 <result title="frequency" word="established" count="4"/>
 <result title="frequency" word="extent" count="4"/>
 <result title="frequency" word="far" count="4"/>
 <result title="frequency" word="follow" count="4"/>
 <result title="frequency" word="groups" count="4"/>
 <result title="frequency" word="hidden" count="4"/>
 <result title="frequency" word="imitation" count="4"/>
 <result title="frequency" word="individual" count="4"/>
 <result title="frequency" word="interacting" count="4"/>
 <result title="frequency" word="intraspecific" count="4"/>
 <result title="frequency" word="is," count="4"/>
 <result title="frequency" word="know" count="4"/>
 <result title="frequency" word="large" count="4"/>
 <result title="frequency" word="learn" count="4"/>
 <result title="frequency" word="life" count="4"/>
 <result title="frequency" word="local" count="4"/>
 <result title="frequency" word="macaque" count="4"/>
 <result title="frequency" word="mechanisms" count="4"/>
 <result title="frequency" word="necessary" count="4"/>
 <result title="frequency" word="opening" count="4"/>
 <result title="frequency" word="paid" count="4"/>
 <result title="frequency" word="partner" count="4"/>
 <result title="frequency" word="potential" count="4"/>
 <result title="frequency" word="provided" count="4"/>
 <result title="frequency" word="readily" count="4"/>
 <result title="frequency" word="relationship" count="4"/>
 <result title="frequency" word="relationships" count="4"/>
 <result title="frequency" word="review" count="4"/>
 <result title="frequency" word="selection" count="4"/>
 <result title="frequency" word="showed" count="4"/>
 <result title="frequency" word="similar" count="4"/>
 <result title="frequency" word="socialized" count="4"/>
 <result title="frequency" word="solve" count="4"/>
 <result title="frequency" word="species." count="4"/>
 <result title="frequency" word="suggesting" count="4"/>
 <result title="frequency" word="supported" count="4"/>
 <result title="frequency" word="used" count="4"/>
 <result title="frequency" word="usually" count="4"/>
 <result title="frequency" word="wild-living" count="4"/>
 <result title="frequency" word="work" count="4"/>
 <result title="frequency" word="young" count="4"/>
</results>
