<?xml version="1.0" encoding="UTF-8"?>
<snippetsTree>
 <snippets file="target/tutorial/mixed/file5/results/word/frequencies/results.xml">
  <result title="frequency" word="Girardia" count="36"/>
  <result title="frequency" word="species" count="32"/>
  <result title="frequency" word="glands" count="31"/>
  <result title="frequency" word="(Fig." count="25"/>
  <result title="frequency" word="(Figs" count="22"/>
 </snippets>
</snippetsTree>
