<?xml version="1.0" encoding="UTF-8"?>
<results title="frequencies">
 <result title="frequency" word="Sulawesi" count="46"/>
 <result title="frequency" word="species" count="41"/>
 <result title="frequency" word="larvaepartus" count="37"/>
 <result title="frequency" word="Limnonectes" count="35"/>
 <result title="frequency" word="tadpoles" count="33"/>
 <result title="frequency" word="Kabupaten" count="18"/>
 <result title="frequency" word="length" count="17"/>
 <result title="frequency" word="birth" count="16"/>
 <result title="frequency" word="reproductive" count="15"/>
 <result title="frequency" word="National" count="14"/>
 <result title="frequency" word="new" count="14"/>
 <result title="frequency" word="Bogani" count="13"/>
 <result title="frequency" word="Nani" count="13"/>
 <result title="frequency" word="Provinsi" count="13"/>
 <result title="frequency" word="Park," count="12"/>
 <result title="frequency" word="Bolaang" count="11"/>
 <result title="frequency" word="MZB" count="11"/>
 <result title="frequency" word="Mongondow," count="11"/>
 <result title="frequency" word="female" count="11"/>
 <result title="frequency" word="frogs" count="11"/>
 <result title="frequency" word="Desa" count="10"/>
 <result title="frequency" word="Length" count="10"/>
 <result title="frequency" word="Wartabone" count="10"/>
 <result title="frequency" word="mode" count="10"/>
 <result title="frequency" word="stage" count="10"/>
 <result title="frequency" word="Kecamatan" count="9"/>
 <result title="frequency" word="Utara" count="9"/>
 <result title="frequency" word="fanged" count="9"/>
 <result title="frequency" word="Eleutherodactylus" count="8"/>
 <result title="frequency" word="Fig." count="8"/>
 <result title="frequency" word="MVZ" count="8"/>
 <result title="frequency" word="McGuire" count="8"/>
 <result title="frequency" word="distance" count="8"/>
 <result title="frequency" word="eggs" count="8"/>
 <result title="frequency" word="foot" count="8"/>
 <result title="frequency" word="hatching" count="8"/>
 <result title="frequency" word="internal" count="8"/>
 <result title="frequency" word="modestus" count="8"/>
 <result title="frequency" word="observed" count="8"/>
 <result title="frequency" word="snout" count="8"/>
 <result title="frequency" word="tadpole" count="8"/>
 <result title="frequency" word="SVL" count="7"/>
 <result title="frequency" word="developing" count="7"/>
 <result title="frequency" word="end" count="7"/>
 <result title="frequency" word="length," count="7"/>
 <result title="frequency" word="lower" count="7"/>
 <result title="frequency" word="oviducts" count="7"/>
 <result title="frequency" word="tip" count="7"/>
 <result title="frequency" word="(see" count="6"/>
 <result title="frequency" word="(âˆ’.," count="6"/>
 <result title="frequency" word=".)," count="6"/>
 <result title="frequency" word="Lolak," count="6"/>
 <result title="frequency" word="biology" count="6"/>
 <result title="frequency" word="body" count="6"/>
 <result title="frequency" word="capable" count="6"/>
 <result title="frequency" word="collected" count="6"/>
 <result title="frequency" word="eye" count="6"/>
 <result title="frequency" word="frog" count="6"/>
 <result title="frequency" word="range" count="6"/>
 <result title="frequency" word="small" count="6"/>
 <result title="frequency" word="snout-vent" count="6"/>
 <result title="frequency" word="sp." count="6"/>
 <result title="frequency" word="species." count="6"/>
 <result title="frequency" word="toe" count="6"/>
 <result title="frequency" word="tubercle" count="6"/>
 <result title="frequency" word="width" count="6"/>
 <result title="frequency" word="Iskandar" count="5"/>
 <result title="frequency" word="October" count="5"/>
 <result title="frequency" word="River," count="5"/>
 <result title="frequency" word="Sulawesi," count="5"/>
 <result title="frequency" word="Utara." count="5"/>
 <result title="frequency" word="coqui" count="5"/>
 <result title="frequency" word="elevation," count="5"/>
 <result title="frequency" word="fertilization" count="5"/>
 <result title="frequency" word="hand" count="5"/>
 <result title="frequency" word="having" count="5"/>
 <result title="frequency" word="interorbital" count="5"/>
 <result title="frequency" word="males" count="5"/>
 <result title="frequency" word="moderately" count="5"/>
 <result title="frequency" word="names" count="5"/>
 <result title="frequency" word="posterior" count="5"/>
 <result title="frequency" word="present" count="5"/>
 <result title="frequency" word="region" count="5"/>
 <result title="frequency" word="size" count="5"/>
 <result title="frequency" word="species," count="5"/>
 <result title="frequency" word="specimens" count="5"/>
 <result title="frequency" word="tibia" count="5"/>
 <result title="frequency" word="webbing" count="5"/>
 <result title="frequency" word="August" count="4"/>
 <result title="frequency" word="Barat." count="4"/>
 <result title="frequency" word="Brown" count="4"/>
 <result title="frequency" word="Central" count="4"/>
 <result title="frequency" word="Distance" count="4"/>
 <result title="frequency" word="Indonesia" count="4"/>
 <result title="frequency" word="Iskandar," count="4"/>
 <result title="frequency" word="Mumpuni," count="4"/>
 <result title="frequency" word="Nectophrynoides" count="4"/>
 <result title="frequency" word="Snout" count="4"/>
 <result title="frequency" word="Sulawesi." count="4"/>
 <result title="frequency" word="Toraut," count="4"/>
 <result title="frequency" word="University" count="4"/>
 <result title="frequency" word="adaptive" count="4"/>
 <result title="frequency" word="adult" count="4"/>
 <result title="frequency" word="anuran" count="4"/>
 <result title="frequency" word="anurans" count="4"/>
 <result title="frequency" word="approximately" count="4"/>
 <result title="frequency" word="arathooni" count="4"/>
 <result title="frequency" word="border" count="4"/>
 <result title="frequency" word="carrying" count="4"/>
 <result title="frequency" word="coloration" count="4"/>
 <result title="frequency" word="described" count="4"/>
 <result title="frequency" word="diameter" count="4"/>
 <result title="frequency" word="distal" count="4"/>
 <result title="frequency" word="diversity" count="4"/>
 <result title="frequency" word="documented" count="4"/>
 <result title="frequency" word="dorsal" count="4"/>
 <result title="frequency" word="evolution" count="4"/>
 <result title="frequency" word="extending" count="4"/>
 <result title="frequency" word="females" count="4"/>
 <result title="frequency" word="following" count="4"/>
 <result title="frequency" word="forest" count="4"/>
 <result title="frequency" word="form" count="4"/>
 <result title="frequency" word="froglets" count="4"/>
 <result title="frequency" word="froglets," count="4"/>
 <result title="frequency" word="genus" count="4"/>
 <result title="frequency" word="head" count="4"/>
 <result title="frequency" word="jasperi" count="4"/>
 <result title="frequency" word="large" count="4"/>
 <result title="frequency" word="larger" count="4"/>
 <result title="frequency" word="male" count="4"/>
 <result title="frequency" word="microtympanum" count="4"/>
 <result title="frequency" word="near" count="4"/>
 <result title="frequency" word="occurs" count="4"/>
 <result title="frequency" word="pools" count="4"/>
 <result title="frequency" word="pregnant" count="4"/>
 <result title="frequency" word="process" count="4"/>
 <result title="frequency" word="radiation" count="4"/>
 <result title="frequency" word="referred" count="4"/>
 <result title="frequency" word="right" count="4"/>
 <result title="frequency" word="slightly" count="4"/>
 <result title="frequency" word="tympanum" count="4"/>
 <result title="frequency" word="unique" count="4"/>
 <result title="frequency" word="yolk" count="4"/>
</results>
