<?xml version="1.0" encoding="UTF-8"?>
<html xmlns="http://www.w3.org/1999/xhtml">
 <style> * { font-family : helvetica;} .font10 { font-size : 10; } .font11 { font-size : 11; } .font12 { font-size : 12; } .font13 { font-size : 13; } .font14 { font-size : 14; } .font15 { font-size : 15; } .font16 { font-size : 16; } .font17 { font-size : 17; } .font18 { font-size : 18; } .font19 { font-size : 19; } .font21 { font-size : 21; } .font26 { font-size : 26; } .font30 { font-size : 30; }</style>
 <body>
  <p>
   <span class="font30">LALv </span>
   <span class="font26">lineage </span>
   <span class="font26">otd </span>
   <span class="font21">antennal </span>
   <span class="font19">neuroblast </span>
   <span class="font19">lobe </span>
   <span class="font19">neurons </span>
   <span class="font19">−/− </span>
   <span class="font18">brain </span>
   <span class="font17">Figure </span>
   <span class="font16">al., </span>
   <span class="font15">transformed </span>
   <span class="font15">cell </span>
   <span class="font15">clones </span>
   <span class="font14">central </span>
   <span class="font14">wild-type </span>
   <span class="font14">Drosophila </span>
   <span class="font14">neural </span>
   <span class="font14">lineage. </span>
   <span class="font14">complex </span>
   <span class="font13">cells </span>
   <span class="font13">ALad </span>
   <span class="font13">functional </span>
   <span class="font13">Otd </span>
   <span class="font13">olfactory </span>
   <span class="font13">tract </span>
   <span class="font13">MARCM </span>
   <span class="font13">adult </span>
   <span class="font13">expression </span>
   <span class="font13">lineages </span>
   <span class="font13">lines </span>
   <span class="font13">identity </span>
   <span class="font13">projection </span>
   <span class="font12">dotted </span>
   <span class="font12">labelled </span>
   <span class="font12">single </span>
   <span class="font12">driver </span>
   <span class="font12">ALv </span>
   <span class="font12">different </span>
   <span class="font12">molecular </span>
   <span class="font12">loss </span>
   <span class="font12">gene </span>
   <span class="font12">used </span>
   <span class="font12">./eLife.. </span>
   <span class="font12">development </span>
   <span class="font12">lateral </span>
   <span class="font12">brain. </span>
   <span class="font12">larval </span>
   <span class="font12">shows </span>
   <span class="font12">DOI: </span>
   <span class="font12">http://dx.doi.org/./eLife.. </span>
   <span class="font12">transformation </span>
   <span class="font11">lineage, </span>
   <span class="font11">Gal </span>
   <span class="font11">neuroblasts </span>
   <span class="font11">neuronal </span>
   <span class="font11">-/- </span>
   <span class="font11">bodies </span>
   <span class="font11">GH-Gal </span>
   <span class="font11">changes </span>
   <span class="font11">develop </span>
   <span class="font11">express </span>
   <span class="font11">response </span>
   <span class="font11">(cyan </span>
   <span class="font11">(magenta </span>
   <span class="font11">Genotype </span>
   <span class="font11">However, </span>
   <span class="font11">axon </span>
   <span class="font11">neurons. </span>
   <span class="font11">ventral </span>
   <span class="font11">body </span>
   <span class="font11">brain, </span>
   <span class="font11">identified </span>
   <span class="font11">mutant </span>
   <span class="font11">results </span>
   <span class="font11">(see </span>
   <span class="font11">(yellow </span>
   <span class="font11">Ito </span>
   <span class="font11">circuits </span>
   <span class="font11">innervate </span>
   <span class="font11">neuron </span>
   <span class="font11">similar </span>
   <span class="font11">circuitry </span>
   <span class="font11">cluster </span>
   <span class="font11">information </span>
   <span class="font11">intrinsic </span>
   <span class="font11">label </span>
   <span class="font11">lobe, </span>
   <span class="font11">neuroanatomy </span>
   <span class="font11">position </span>
   <span class="font11">Acj </span>
   <span class="font11">LEp </span>
   <span class="font11">arrow </span>
   <span class="font11">arrowhead </span>
   <span class="font11">clone </span>
   <span class="font11">expressed </span>
   <span class="font11">neurons, </span>
   <span class="font11">recovered </span>
   <span class="font11">yellow </span>
   <span class="font11">Lovick </span>
   <span class="font11">clonal </span>
   <span class="font11">distinct </span>
   <span class="font11">elife;//e/FIG </span>
   <span class="font11">fig </span>
   <span class="font11">fly </span>
   <span class="font11">lineages, </span>
   <span class="font11">orthodenticle </span>
   <span class="font11">progeny </span>
   <span class="font11">tracts </span>
   <span class="font11">unique </span>
   <span class="font11">using </span>
   <span class="font11">/FRTA,Tub-Gal,hsFLP; </span>
   <span class="font11">able </span>
   <span class="font11">calcium </span>
   <span class="font11">genes </span>
   <span class="font11">genotype </span>
   <span class="font11">innervates </span>
   <span class="font11">line </span>
   <span class="font11">neuroanatomical </span>
   <span class="font11">Biology </span>
   <span class="font11">Development </span>
   <span class="font11">Per-Gal </span>
   <span class="font11">Wong </span>
   <span class="font11">activity </span>
   <span class="font11">interneurons </span>
   <span class="font11">pattern </span>
   <span class="font11">progenitors </span>
   <span class="font11">spatial </span>
   <span class="font10">FRTA/FRTA,Tub-Gal,hsFLP; </span>
   <span class="font10">Loss </span>
   <span class="font10">Pereanu </span>
   <span class="font10">Reichert </span>
   <span class="font10">accessory </span>
   <span class="font10">circuit </span>
   <span class="font10">clones, </span>
   <span class="font10">data, </span>
   <span class="font10">embryonic </span>
   <span class="font10">generate </span>
   <span class="font10">neuroblast, </span>
   <span class="font10">odour </span>
   <span class="font10">shown </span>
   <span class="font10">specific </span>
   <span class="font10">suggests </span>
   <span class="font10">transcription </span>
   <span class="font10">Developmental </span>
   <span class="font10">GH-LexA </span>
   <span class="font10">Sen </span>
   <span class="font10">Urbach </span>
   <span class="font10">analysis </span>
   <span class="font10">axons </span>
   <span class="font10">brains </span>
   <span class="font10">called </span>
   <span class="font10">change </span>
   <span class="font10">control </span>
   <span class="font10">described </span>
   <span class="font10">document </span>
   <span class="font10">does </span>
   <span class="font10">form </span>
   <span class="font10">image </span>
   <span class="font10">imaging </span>
   <span class="font10">immunolabelling </span>
   <span class="font10">innervated </span>
   <span class="font10">loVM </span>
   <span class="font10">medial </span>
   <span class="font10">right </span>
   <span class="font10">stimulation </span>
   <span class="font10">FRA,Tub-Gal,hsFLP; </span>
   <span class="font10">FRTA, </span>
   <span class="font10">FRTA,otd </span>
   <span class="font10">Nature </span>
   <span class="font10">Note </span>
   <span class="font10">Technau </span>
   <span class="font10">Thus, </span>
   <span class="font10">addition </span>
   <span class="font10">al. </span>
   <span class="font10">contains </span>
   <span class="font10">determinants </span>
   <span class="font10">diverse </span>
   <span class="font10">drivers </span>
   <span class="font10">experiments, </span>
   <span class="font10">extent </span>
   <span class="font10">generated </span>
   <span class="font10">innervation </span>
   <span class="font10">large-scale </span>
   <span class="font10">like </span>
   <span class="font10">macrocircuitry </span>
   <span class="font10">number </span>
   <span class="font10">order </span>
   <span class="font10">patterns </span>
   <span class="font10">projects </span>
   <span class="font10">specification </span>
   <span class="font10">this, </span>
   <span class="font10">ALad, </span>
   <span class="font10">Furthermore, </span>
   <span class="font10">Hartenstein, </span>
   <span class="font10">Lee </span>
   <span class="font10">Scale </span>
   <span class="font10">ability </span>
   <span class="font10">activated </span>
   <span class="font10">article </span>
   <span class="font10">circuits. </span>
   <span class="font10">crossed </span>
   <span class="font10">developing </span>
   <span class="font10">developmental </span>
   <span class="font10">dual </span>
   <span class="font10">entire </span>
   <span class="font10">example, </span>
   <span class="font10">factor </span>
   <span class="font10">features </span>
   <span class="font10">females </span>
   <span class="font10">glomeruli </span>
   <span class="font10">hemisphere </span>
   <span class="font10">individual </span>
   <span class="font10">instead </span>
   <span class="font10">magenta </span>
   <span class="font10">males </span>
   <span class="font10">mushroom </span>
   <span class="font10">neuroectoderm </span>
   <span class="font10">patterning </span>
   <span class="font10">possible </span>
   <span class="font10">represented </span>
   <span class="font10">reveals </span>
   <span class="font10">role </span>
   <span class="font10">seen </span>
   <span class="font10">sensory </span>
   <span class="font10">type </span>
   <span class="font10">use </span>
   <span class="font10">white </span>
   <span class="font10">work </span>
   <span class="font10">./dev. </span>
   <span class="font10">ALv) </span>
   <span class="font10">Acquisition </span>
   <span class="font10">Analysis </span>
   <span class="font10">Conception </span>
   <span class="font10">Drafting </span>
   <span class="font10">Hartenstein </span>
   <span class="font10">Neuroscience </span>
   <span class="font10">Wang </span>
   <span class="font10">activation </span>
   <span class="font10">active </span>
   <span class="font10">clusters </span>
   <span class="font10">corresponding </span>
   <span class="font10">data </span>
   <span class="font10">design, </span>
   <span class="font10">early </span>
   <span class="font10">experiments </span>
   <span class="font10">expresses </span>
   <span class="font10">factors </span>
   <span class="font10">fate </span>
   <span class="font10">identities </span>
   <span class="font10">indicate </span>
   <span class="font10">interpretation </span>
   <span class="font10">investigate </span>
   <span class="font10">lineage-specific </span>
   <span class="font10">modification </span>
   <span class="font10">normal </span>
   <span class="font10">normally </span>
   <span class="font10">posterior </span>
   <span class="font10">protocerebrum </span>
   <span class="font10">result </span>
   <span class="font10">revising </span>
   <span class="font10">sections </span>
   <span class="font10">selected </span>
   <span class="font10">simple </span>
   <span class="font10">supplement </span>
   <span class="font10">transforms </span>
   <span class="font10">understood. </span>
   <span class="font10">µm. </span>
   <span class="font10">—figure </span>
   <span class="font10">(as </span>
   <span class="font10">ALl, </span>
   <span class="font10">Cha.-Gal </span>
   <span class="font10">Das </span>
   <span class="font10">GH-Gal,UAS-mCD::GFP/ </span>
   <span class="font10">Jefferis </span>
   <span class="font10">OK-Gal </span>
   <span class="font10">RNAi </span>
   <span class="font10">Table </span>
   <span class="font10">Two-photon </span>
   <span class="font10">Video </span>
   <span class="font10">abstract- </span>
   <span class="font10">act </span>
   <span class="font10">anatomical </span>
   <span class="font10">anterior </span>
   <span class="font10">applicable </span>
   <span class="font10">assembly </span>
   <span class="font10">asterisk </span>
   <span class="font10">bar </span>
   <span class="font10">brain: </span>
   <span class="font10">calyx </span>
   <span class="font10">cases </span>
   <span class="font10">completely </span>
   <span class="font10">connections </span>
   <span class="font10">determine </span>
   <span class="font10">did </span>
   <span class="font10">difficult </span>
   <span class="font10">drive </span>
   <span class="font10">expected, </span>
   <span class="font10">experiments. </span>
   <span class="font10">fourth </span>
   <span class="font10">fruit </span>
   <span class="font10">full-length </span>
   <span class="font10">function </span>
   <span class="font10">good </span>
   <span class="font10">horn </span>
   <span class="font10">identify </span>
   <span class="font10">important </span>
   <span class="font10">left </span>
   <span class="font10">lineages. </span>
   <span class="font10">nerve </span>
   <span class="font10">null </span>
   <span class="font10">obtained </span>
   <span class="font10">point </span>
   <span class="font10">postmitotic </span>
   <span class="font10">process </span>
   <span class="font10">project </span>
   <span class="font10">properties </span>
   <span class="font10">provides </span>
   <span class="font10">related </span>
   <span class="font10">relatively </span>
   <span class="font10">responsible </span>
   <span class="font10">suppressed </span>
   <span class="font10">temporal </span>
   <span class="font10">test </span>
   <span class="font10">vertebrates </span>
   <span class="font10">(white </span>
   <span class="font10">-Gal </span>
   <span class="font10">Finally, </span>
   <span class="font10">GH-QF </span>
   <span class="font10">Lichtneckert </span>
   <span class="font10">Luo </span>
   <span class="font10">Midline </span>
   <span class="font10">Neural </span>
   <span class="font10">Otd. </span>
   <span class="font10">Per-Gal,UAS-mCD::GFP/ </span>
   <span class="font10">Stocker </span>
   <span class="font10">Tub-Gal </span>
   <span class="font10">Tubulin-Gal </span>
   <span class="font10">USA); </span>
   <span class="font10">antibodies </span>
   <span class="font10">appearance </span>
   <span class="font10">arrows </span>
   <span class="font10">bars </span>
   <span class="font10">cells, </span>
   <span class="font10">circuit. </span>
   <span class="font10">connectivity </span>
   <span class="font10">dendritic </span>
   <span class="font10">diversity </span>
   <span class="font10">driver, </span>
   <span class="font10">eLife </span>
   <span class="font10">electrical </span>
   <span class="font10">enhancers </span>
   <span class="font10">entry </span>
   <span class="font10">evolutionary </span>
   <span class="font10">extra </span>
   <span class="font10">formation </span>
   <span class="font10">generates </span>
   <span class="font10">help </span>
   <span class="font10">identifiable </span>
   <span class="font10">immunolabelled </span>
   <span class="font10">including </span>
   <span class="font10">indicates </span>
   <span class="font10">invertebrates, </span>
   <span class="font10">known </span>
   <span class="font10">line. </span>
   <span class="font10">lineally </span>
   <span class="font10">lobe. </span>
   <span class="font10">local </span>
   <span class="font10">marker </span>
   <span class="font10">mouse </span>
   <span class="font10">nervous </span>
   <span class="font10">neuroblast. </span>
   <span class="font10">new </span>
   <span class="font10">novel </span>
   <span class="font10">occur </span>
   <span class="font10">paper </span>
   <span class="font10">paradigm </span>
   <span class="font10">paragraph </span>
   <span class="font10">positive </span>
   <span class="font10">positively </span>
   <span class="font10">potential </span>
   <span class="font10">progenitor </span>
   <span class="font10">projections </span>
   <span class="font10">reconstructions </span>
   <span class="font10">regions </span>
   <span class="font10">represents </span>
   <span class="font10">respectively. </span>
   <span class="font10">showed </span>
   <span class="font10">stem </span>
   <span class="font10">structure </span>
   <span class="font10">study </span>
   <span class="font10">suggest </span>
   <span class="font10">trace </span>
   <span class="font10">transform </span>
   <span class="font10">types </span>
   <span class="font10">understand </span>
   <span class="font10">uses </span>
   <span class="font10">wiring </span>
   <span class="font10">(/; </span>
   <span class="font10">A–C </span>
   <span class="font10">C,D </span>
   <span class="font10">DSHB, </span>
   <span class="font10">Doe, </span>
   <span class="font10">FRTA,oc </span>
   <span class="font10">Genetic </span>
   <span class="font10">Genotype: </span>
   <span class="font10">Genotypes </span>
   <span class="font10">Insc-Gal </span>
   <span class="font10">Iowa, </span>
   <span class="font10">Lai </span>
   <span class="font10">Lim </span>
   <span class="font10">Molecular </span>
   <span class="font10">OK-Gal,UAS-mCD::GFP/ </span>
   <span class="font10">Rodrigues </span>
   <span class="font10">Root </span>
   <span class="font10">S.E.M. </span>
   <span class="font10">Shi </span>
   <span class="font10">Specific </span>
   <span class="font10">Spindler </span>
   <span class="font10">Taken </span>
   <span class="font10">Technau, </span>
   <span class="font10">VM, </span>
   <span class="font10">affects </span>
   <span class="font10">analyzed </span>
   <span class="font10">arrowheads </span>
   <span class="font10">axonal </span>
   <span class="font10">based </span>
   <span class="font10">capacity </span>
   <span class="font10">changing </span>
   <span class="font10">characterized </span>
   <span class="font10">cholinergic </span>
   <span class="font10">circuitry. </span>
   <span class="font10">clone. </span>
   <span class="font10">clones. </span>
   <span class="font10">close </span>
   <span class="font10">closely </span>
   <span class="font10">combined </span>
   <span class="font10">complete </span>
   <span class="font10">complexity </span>
   <span class="font10">confocal </span>
   <span class="font10">contain </span>
   <span class="font10">contrast, </span>
   <span class="font10">contribute </span>
   <span class="font10">correspond </span>
   <span class="font10">cortex </span>
   <span class="font10">creating </span>
   <span class="font10">critical </span>
   <span class="font10">cues </span>
   <span class="font10">dendrites </span>
   <span class="font10">displayed </span>
   <span class="font10">domains </span>
   <span class="font10">dorsal </span>
   <span class="font10">dorsally </span>
   <span class="font10">enhancer </span>
   <span class="font10">ethyl </span>
   <span class="font10">findings </span>
   <span class="font10">focused </span>
   <span class="font10">following </span>
   <span class="font10">genetic </span>
   <span class="font10">gift </span>
   <span class="font10">glutamatergic </span>
   <span class="font10">groups </span>
   <span class="font10">heading, </span>
   <span class="font10">hemisphere, </span>
   <span class="font10">identity. </span>
   <span class="font10">images </span>
   <span class="font10">inactive </span>
   <span class="font10">independent </span>
   <span class="font10">innervations </span>
   <span class="font10">input </span>
   <span class="font10">inputs </span>
   <span class="font10">inset </span>
   <span class="font10">insets </span>
   <span class="font10">label) </span>
   <span class="font10">labelling </span>
   <span class="font10">labels </span>
   <span class="font10">largely </span>
   <span class="font10">letter </span>
   <span class="font10">likely </span>
   <span class="font10">lines) </span>
   <span class="font10">lobe; </span>
   <span class="font10">located </span>
   <span class="font10">make </span>
   <span class="font10">makes </span>
   <span class="font10">mediolateral </span>
   <span class="font10">missing </span>
   <span class="font10">neuroblasts, </span>
   <span class="font10">neuroblasts. </span>
   <span class="font10">origin </span>
   <span class="font10">presence </span>
   <span class="font10">properties, </span>
   <span class="font10">putative </span>
   <span class="font10">reporter </span>
   <span class="font10">resulted </span>
   <span class="font10">resulting </span>
   <span class="font10">schematic </span>
   <span class="font10">selectivity </span>
   <span class="font10">sent </span>
   <span class="font10">sequentially </span>
   <span class="font10">spatially </span>
   <span class="font10">specify </span>
   <span class="font10">sub </span>
   <span class="font10">surprising </span>
   <span class="font10">tested </span>
   <span class="font10">thought </span>
   <span class="font10">together, </span>
   <span class="font10">tract, </span>
   <span class="font10">tract. </span>
   <span class="font10">unambiguously </span>
   <span class="font10">various </span>
   <span class="font10">visual </span>
   <span class="font10">which, </span>
  </p>
 </body>
</html>
