<results title="human">
 <result pre="the most effective model of care ( " exact="DU" post=" " xpath="/*[local-name()='html'][1]/*[local-name()='body'][1]/*[local-name()='div'][1]/*[local-name()='div'][6]/*[local-name()='div'][2]/*[local-name()='div'][3]/*[local-name()='div'][1]/*[local-name()='div'][2]/*[local-name()='p'][1]" name="human"/>
 <result pre="Usual care, " exact="NL" post=" = $0 + 0.96𝕜 " xpath="/*[local-name()='html'][1]/*[local-name()='body'][1]/*[local-name()='div'][1]/*[local-name()='div'][6]/*[local-name()='div'][2]/*[local-name()='div'][3]/*[local-name()='div'][1]/*[local-name()='div'][2]/*[local-name()='p'][1]" name="human"/>
 <result pre="PEACH, " exact="NL" post=" = $1,027 + 0𝕜 " name="human"/>
</results>
