<?xml version="1.0" encoding="UTF-8"?>
<results title="prot1">
 <result pre="d by Sweet et al, 2010; (357F) (5’-" exact="CCTACGGGAGGCAGCAG" post="-3’) and (518R) (5’ATTACCGCGGCTGCTGG-3’), a segmen" xpath="/*[local-name()='html'][1]/*[local-name()='body'][1]/*[local-name()='div'][1]/*[local-name()='div'][5]/*[local-name()='div'][3]/*[local-name()='p'][1]" name="prot1"/>
 <result pre="CTACGGGAGGCAGCAG-3’) and (518R) (5’" exact="ATTACCGCGGCTGCTGG" post="-3’), a segment of the bacterial 16S rRNA gene was" xpath="/*[local-name()='html'][1]/*[local-name()='body'][1]/*[local-name()='div'][1]/*[local-name()='div'][5]/*[local-name()='div'][3]/*[local-name()='p'][1]" name="prot1"/>
 <result pre="ell [ 18]; forward primer CilF (5’-" exact="TGGTAGTGTATTGGACWACCA" post="-3’) with a 36 bp GC clamp [ 31] attached to the 5" xpath="/*[local-name()='html'][1]/*[local-name()='body'][1]/*[local-name()='div'][1]/*[local-name()='div'][5]/*[local-name()='div'][4]/*[local-name()='p'][1]" name="prot1"/>
 <result pre="d the reverse primer CilDGGE-r (5’-" exact="TGAAAACATCCTTGGCAACTG" post="-3’). PCR reaction mixtures were made up to 10 μl " xpath="/*[local-name()='html'][1]/*[local-name()='body'][1]/*[local-name()='div'][1]/*[local-name()='div'][5]/*[local-name()='div'][4]/*[local-name()='p'][1]" name="prot1"/>
 <result pre="es using the primers BrB-F-171 (5’-" exact="TCAAACCCGACTTTACGGAAG" post="-3’) and BrB-R-1721 (5’-TGCAGGTTCACCTACGGAAAC-3’) " xpath="/*[local-name()='html'][1]/*[local-name()='body'][1]/*[local-name()='div'][1]/*[local-name()='div'][5]/*[local-name()='div'][4]/*[local-name()='p'][3]" name="prot1"/>
 <result pre="CTTTACGGAAG-3’) and BrB-R-1721 (5’-" exact="TGCAGGTTCACCTACGGAAAC" post="-3’) [ 34]. These primers were designed to amplify" xpath="/*[local-name()='html'][1]/*[local-name()='body'][1]/*[local-name()='div'][1]/*[local-name()='div'][5]/*[local-name()='div'][4]/*[local-name()='p'][3]" name="prot1"/>
</results>
