<?xml version="1.0" encoding="UTF-8"?>
<snippetsTree>
 <snippets file="target/tutorial/mixed/file0/results/gene/human/results.xml">
  <result pre=" To generate WT MARCM clones females of the genotype " exact="FRT19A" post=" or FRT19A;UAS-mCD8::GFP were crossed to males of the following genotypes: FR19A,Tub-Gal80" xpath="/*[local-name()='html'][1]/*[local-name()='body'][1]/*[local-name()='div'][1]/*[local-name()='div'][11]/*[local-name()='div'][5]/*[local-name()='p'][1]" dictionary="hgnc" dictionaryCheck="false" name="human"/>
  <result pre="te otd −/− MARCM clones, females of the genotype FRT19A,otd " exact="YH13" post=" /FM7c or FRT19A,oc 2 /FM7c or FRT19A, otd &lt;s" xpath="/*[local-name()='html'][1]/*[local-name()='body'][1]/*[local-name()='div'][1]/*[local-name()='div'][11]/*[local-name()='div'][5]/*[local-name()='p'][1]" dictionary="hgnc" dictionaryCheck="false" name="human"/>
  <result pre=" To generate Dual MARCM clones, females of the genotype FRT19A,otd " exact="YH13" post=" /FM7a; FRTG13, GH146-LexA::GAD,LexAop-rCD2::GFP/CyO were crossed to males of the fol" xpath="/*[local-name()='html'][1]/*[local-name()='body'][1]/*[local-name()='div'][1]/*[local-name()='div'][11]/*[local-name()='div'][5]/*[local-name()='p'][1]" dictionary="hgnc" dictionaryCheck="false" name="human"/>
  <result pre=" To generate Otd overexpression clones, females of the genotype " exact="FRT19A" post=" ; UAS-otd were crossed to males of the genotype FR19A,Tub-Gal80,hsFLP; Tub-Gal4,UAS-mCD8:" xpath="/*[local-name()='html'][1]/*[local-name()='body'][1]/*[local-name()='div'][1]/*[local-name()='div'][11]/*[local-name()='div'][5]/*[local-name()='p'][1]" dictionary="hgnc" dictionaryCheck="false" name="human"/>
  <result pre=",UAS-mCD8::GFP/CyO. To generate rescue clones, females of the genotype FRT19A otd " exact="YH13" post=" /FM7a ; UAS-otd were crossed to males of the genotype FR19A,Tub-Gal80,hsFLP" xpath="/*[local-name()='html'][1]/*[local-name()='body'][1]/*[local-name()='div'][1]/*[local-name()='div'][11]/*[local-name()='div'][5]/*[local-name()='p'][1]" dictionary="hgnc" dictionaryCheck="false" name="human"/>
  <result pre="=&quot;p-93&quot;&gt; To generate clones for functional imaging, females of the genotype FRT19A,otd " exact="YH13" post=" /FM7a;GH146-Gal4,UAS-GCaMP3/CyO were crossed to males of the genotype FR19A,Tub-Ga" xpath="/*[local-name()='html'][1]/*[local-name()='body'][1]/*[local-name()='div'][1]/*[local-name()='div'][11]/*[local-name()='div'][5]/*[local-name()='p'][1]" dictionary="hgnc" dictionaryCheck="false" name="human"/>
 </snippets>
</snippetsTree>
