<?xml version="1.0" encoding="UTF-8"?>
<snippetsTree>
 <snippets file="target/tutorial/mixed/file0/results/gene/human/results.xml">
  <result pre="ly, the adult ALad1 lineage is labelled by the Cha7.4- Gal4 (a cholinergic neuron label) and " exact="GH146" post=" -Gal4 lines, while the adult LALv1 lineage is not ( Figure 1P , Table 1 ). " xpath="/*[local-name()='html'][1]/*[local-name()='body'][1]/*[local-name()='div'][1]/*[local-name()='div'][11]/*[local-name()='div'][5]/*[local-name()='p'][1]" dictionary="hgnc" dictionaryCheck="false" name="human"/>
  <result pre="neurons. The brains in B – E and J – M show wild-type MARCM clones of the LALv1 lineage labelled by " exact="OK371" post=" - Gal4 and Per - Gal4 , respectively. The insets in B – E and J – M show that " xpath="/*[local-name()='html'][1]/*[local-name()='body'][1]/*[local-name()='div'][1]/*[local-name()='div'][11]/*[local-name()='div'][5]/*[local-name()='p'][1]" dictionary="hgnc" dictionaryCheck="false" name="human"/>
  <result pre="mpare with the Otd expression within white dotted lines in the other brain hemisphere). Neither the " exact="OK371" post=" - Gal4 ( F ) nor the Per - Gal4 ( N ) enhancers drive the expression of UAS- &lt;" xpath="/*[local-name()='html'][1]/*[local-name()='body'][1]/*[local-name()='div'][1]/*[local-name()='div'][11]/*[local-name()='div'][5]/*[local-name()='p'][1]" dictionary="hgnc" dictionaryCheck="false" name="human"/>
  <result pre=" ( F ) nor the Per - Gal4 ( N ) enhancers drive the expression of UAS- mCD8 :: " exact="GFP" post=" in these cells and the transformed lineage is not labelled in these experiments. Genotype in B – E " xpath="/*[local-name()='html'][1]/*[local-name()='body'][1]/*[local-name()='div'][1]/*[local-name()='div'][11]/*[local-name()='div'][5]/*[local-name()='p'][1]" dictionary="hgnc" dictionaryCheck="false" name="human"/>
  <result pre="19A,Tub-Gal80,hsFLP; OK371-Gal4,UAS-mCD8::GFP/+ . Genotype in F – I : FRT19A, otd " exact="YH13" post=" /FRT19A,Tub-Gal80,hsFLP; OK371-Gal4,UAS-mCD8::GFP/+ . Genotype in J – M : FRT19A/" xpath="/*[local-name()='html'][1]/*[local-name()='body'][1]/*[local-name()='div'][1]/*[local-name()='div'][11]/*[local-name()='div'][5]/*[local-name()='p'][1]" dictionary="hgnc" dictionaryCheck="false" name="human"/>
  <result pre="RT19A,Tub-Gal80,hsFLP; Per-Gal4,UAS-mCD8::GFP/+ . Genotype in N – Q : FRT19A, otd " exact="YH13" post=" /FRT19A,Tub-Gal80,hsFLP; Per-Gal4,UAS-mCD8::GFP/+ . Midline is represented by a yell" xpath="/*[local-name()='html'][1]/*[local-name()='body'][1]/*[local-name()='div'][1]/*[local-name()='div'][11]/*[local-name()='div'][5]/*[local-name()='p'][1]" dictionary="hgnc" dictionaryCheck="false" name="human"/>
  <result pre=":GFP/+ . Genotype in C – M : FRT19A,oc 2 or FRT19A,otd " exact="YH13" post=" /FRT19A,Tub-Gal80,hsFLP; GH146-Gal4,UAS-mCD8::GFP/+ . Scale bars are 50 µm (scale ba" xpath="/*[local-name()='html'][1]/*[local-name()='body'][1]/*[local-name()='div'][1]/*[local-name()='div'][11]/*[local-name()='div'][5]/*[local-name()='p'][1]" dictionary="hgnc" dictionaryCheck="false" name="human"/>
  <result pre=" ( A – D ) is a MARCM labelled otd −/− LALv1 lineage that also expresses " exact="UAS" post=" - otd . The cell bodies of the otd −/− LALv1 lineage shown in A (" xpath="/*[local-name()='html'][1]/*[local-name()='body'][1]/*[local-name()='div'][1]/*[local-name()='div'][11]/*[local-name()='div'][5]/*[local-name()='p'][1]" dictionary="hgnc" dictionaryCheck="false" name="human"/>
  <result pre="es) and innervates the lateral accessory lobe (white arrowheads). Genotype: FRT19A,otd " exact="YH13" post=" or oc 2 /FRT19A,Tub-Gal80,hsFLP; Tub-Gal4,UAS-mCD8::GFP/UAS-ot" xpath="/*[local-name()='html'][1]/*[local-name()='body'][1]/*[local-name()='div'][1]/*[local-name()='div'][11]/*[local-name()='div'][5]/*[local-name()='p'][1]" dictionary="hgnc" dictionaryCheck="false" name="human"/>
  <result pre="on tract. Note that these are distinct from each other. Genotype in A – C : FRT19A,otd " exact="YH13" post=" /FRT19A,Tub-Gal80,hsFLP; GH146-Gal4,UAS-mCD8::GFP/+ . Genotype in D – K : UASdice" xpath="/*[local-name()='html'][1]/*[local-name()='body'][1]/*[local-name()='div'][1]/*[local-name()='div'][11]/*[local-name()='div'][5]/*[local-name()='p'][1]" dictionary="hgnc" dictionaryCheck="false" name="human"/>
  <result pre="river to down regulate Otd expression early in all neuroblasts. As expected, in control brains, the " exact="GH146" post=" - QF driver labelled a total of three antennal lobe lineages ALad1, ALl1, and ALv1 (magenta " xpath="/*[local-name()='html'][1]/*[local-name()='body'][1]/*[local-name()='div'][1]/*[local-name()='div'][11]/*[local-name()='div'][5]/*[local-name()='p'][1]" dictionary="hgnc" dictionaryCheck="false" name="human"/>
  <result pre=" LALv1 lineage innervating the antennal lobe (magenta asterisk). Genotype: FRT19A, otd " exact="YH13" post=" /FRT19A,Tub-Gal80,hsFLP; GH146-Gal4,UAS-mCD8::GFP/+ . The midline is represented by " xpath="/*[local-name()='html'][1]/*[local-name()='body'][1]/*[local-name()='div'][1]/*[local-name()='div'][11]/*[local-name()='div'][5]/*[local-name()='p'][1]" dictionary="hgnc" dictionaryCheck="false" name="human"/>
  <result pre="RT19A,Tub-Gal80,hsFLP; Per-Gal4,UAS-mCD8::GFP/+ . Genotype in E – H : FRT19A, otd " exact="YH13" post=" /FRT19A,Tub-Gal80,hsFLP; GH146-Gal4,UAS-mCD8::GFP/+ . Scale bar is 50 µm. " xpath="/*[local-name()='html'][1]/*[local-name()='body'][1]/*[local-name()='div'][1]/*[local-name()='div'][11]/*[local-name()='div'][5]/*[local-name()='p'][1]" dictionary="hgnc" dictionaryCheck="false" name="human"/>
  <result pre="gly resembled that of the antennal lobe lineage, ALad1. Furthermore, the projection neuron-specific " exact="GH146" post=" driver, which does not label the wild-type central complex lineage, labelled the transformed otd" xpath="/*[local-name()='html'][1]/*[local-name()='body'][1]/*[local-name()='div'][1]/*[local-name()='div'][11]/*[local-name()='div'][5]/*[local-name()='p'][1]" dictionary="hgnc" dictionaryCheck="false" name="human"/>
  <result pre="ed the transformed otd −/− LALv1 neurons. This ectopic activation of the " exact="GH146" post=" driver in the otd −/− neurons indicates that the anatomical transformati" xpath="/*[local-name()='html'][1]/*[local-name()='body'][1]/*[local-name()='div'][1]/*[local-name()='div'][11]/*[local-name()='div'][5]/*[local-name()='p'][1]" dictionary="hgnc" dictionaryCheck="false" name="human"/>
  <result pre=" As described above, when we generated wild-type MARCM clones and used either " exact="OK371" post=" - Gal4 or Per - Gal4 driver lines to label the clones, we found that both line" xpath="/*[local-name()='html'][1]/*[local-name()='body'][1]/*[local-name()='div'][1]/*[local-name()='div'][11]/*[local-name()='div'][5]/*[local-name()='p'][1]" dictionary="hgnc" dictionaryCheck="false" name="human"/>
  <result pre="in the otd −/− LALv1 lineage ( Figure 3F–I,N–Q ). This suggests that the " exact="OK371" post=" - Gal4 and Per - Gal4 driver lines are suppressed in the transformed otd&lt;/i" xpath="/*[local-name()='html'][1]/*[local-name()='body'][1]/*[local-name()='div'][1]/*[local-name()='div'][11]/*[local-name()='div'][5]/*[local-name()='p'][1]" dictionary="hgnc" dictionaryCheck="false" name="human"/>
  <result pre="river to label the otd −/− LALv1 neurons positively and combined it with " exact="OK371" post=" - Gal4 and Per - Gal4 driver lines to assay their activities. We first tested " xpath="/*[local-name()='html'][1]/*[local-name()='body'][1]/*[local-name()='div'][1]/*[local-name()='div'][11]/*[local-name()='div'][5]/*[local-name()='p'][1]" dictionary="hgnc" dictionaryCheck="false" name="human"/>
  <result pre=" label the transformed otd −/− LALv1 neurons and combined it with either " exact="OK371" post=" - Gal4 or Per - Gal4 driver lines to assay for their activity in the transform" xpath="/*[local-name()='html'][1]/*[local-name()='body'][1]/*[local-name()='div'][1]/*[local-name()='div'][11]/*[local-name()='div'][5]/*[local-name()='p'][1]" dictionary="hgnc" dictionaryCheck="false" name="human"/>
  <result pre="1 lineage (inset and magenta dotted lines in M – P ). Genotypes in A – D : FRT19A, otd " exact="YH13" post=" /FRT19A,Tub-Gal80,hsFLP; Tubulin-Gal4,UAS-mCD8::GFP/FRTG13,GH146-LexA::GAD,LexAop::rCD2::" xpath="/*[local-name()='html'][1]/*[local-name()='body'][1]/*[local-name()='div'][1]/*[local-name()='div'][11]/*[local-name()='div'][5]/*[local-name()='p'][1]" dictionary="hgnc" dictionaryCheck="false" name="human"/>
  <result pre="D8::GFP/FRTG13,GH146-LexA::GAD,LexAop::rCD2::GFP . Genotype in E – H : FRT19A,otd " exact="YH13" post=" /FRT19A,Tub-Gal80,hsFLP; OK371-Gal4,UAS-mCD8::GFP/FRTG13,GH146-LexA::GAD,LexAop::rCD2::GF" xpath="/*[local-name()='html'][1]/*[local-name()='body'][1]/*[local-name()='div'][1]/*[local-name()='div'][11]/*[local-name()='div'][5]/*[local-name()='p'][1]" dictionary="hgnc" dictionaryCheck="false" name="human"/>
  <result pre="D8::GFP/FRTG13,GH146-LexA::GAD,LexAop::rCD2::GFP . Genotype in I – L : FRT19A,otd " exact="YH13" post=" /FRT19A,Tub-Gal80,hsFLP;Per-Gal4,UAS-mCD8::GFP/FRTG13,GH146-LexA::GAD,LexAop::rCD2::GFP&lt;/" xpath="/*[local-name()='html'][1]/*[local-name()='body'][1]/*[local-name()='div'][1]/*[local-name()='div'][11]/*[local-name()='div'][5]/*[local-name()='p'][1]" dictionary="hgnc" dictionaryCheck="false" name="human"/>
  <result pre="AS-mCD8::GFP/FRTG13,GH146-LexA::GAD,LexAop::rCD2::GFP . Genotype in H : FRT19A,otd " exact="YH13" post=" /FRT19A,Tub-Gal80,hsFLP; Cha7.4-Gal4,UAS-mCD8::GFP/+ . Midline is represented by a y" xpath="/*[local-name()='html'][1]/*[local-name()='body'][1]/*[local-name()='div'][1]/*[local-name()='div'][11]/*[local-name()='div'][5]/*[local-name()='p'][1]" dictionary="hgnc" dictionaryCheck="false" name="human"/>
  <result pre="nsformed otd −/− LALv1 lineage. Furthermore, the concomitant loss of the " exact="OK371" post=" - Gal4 driver (a putative glutamatergic label) and ectopic activation of the Cha7.4-Gal4&lt;" xpath="/*[local-name()='html'][1]/*[local-name()='body'][1]/*[local-name()='div'][1]/*[local-name()='div'][11]/*[local-name()='div'][5]/*[local-name()='p'][1]" dictionary="hgnc" dictionaryCheck="false" name="human"/>
  <result pre="scales (ΔF) and scale bars are shown at the right of each panel. Genotype: FRT19A, otd " exact="YH13" post=" /FRT19A,Tub-Gal80,hsFLP;GH146-Gal4,UAS-GCaMP3/GH146-Gal4,UAS-GCaMP3 . " xpath="/*[local-name()='html'][1]/*[local-name()='body'][1]/*[local-name()='div'][1]/*[local-name()='div'][11]/*[local-name()='div'][5]/*[local-name()='p'][1]" dictionary="hgnc" dictionaryCheck="false" name="human"/>
  <result pre=" To generate WT MARCM clones females of the genotype " exact="FRT19A" post=" or FRT19A;UAS-mCD8::GFP were crossed to males of the following genotypes: FR19A,Tub-Gal80" xpath="/*[local-name()='html'][1]/*[local-name()='body'][1]/*[local-name()='div'][1]/*[local-name()='div'][11]/*[local-name()='div'][5]/*[local-name()='p'][1]" dictionary="hgnc" dictionaryCheck="false" name="human"/>
  <result pre="te otd −/− MARCM clones, females of the genotype FRT19A,otd " exact="YH13" post=" /FM7c or FRT19A,oc 2 /FM7c or FRT19A, otd &lt;s" xpath="/*[local-name()='html'][1]/*[local-name()='body'][1]/*[local-name()='div'][1]/*[local-name()='div'][11]/*[local-name()='div'][5]/*[local-name()='p'][1]" dictionary="hgnc" dictionaryCheck="false" name="human"/>
  <result pre="up&gt; /FM7c or FRT19A,oc 2 /FM7c or FRT19A, otd " exact="YH13" post=" ;UAS-mCD8::GFP or FRT19A,oc 2 ;UAS-mCD8::GFP were c" xpath="/*[local-name()='html'][1]/*[local-name()='body'][1]/*[local-name()='div'][1]/*[local-name()='div'][11]/*[local-name()='div'][5]/*[local-name()='p'][1]" dictionary="hgnc" dictionaryCheck="false" name="human"/>
  <result pre=" To generate Dual MARCM clones, females of the genotype FRT19A,otd " exact="YH13" post=" /FM7a; FRTG13, GH146-LexA::GAD,LexAop-rCD2::GFP/CyO were crossed to males of the fol" xpath="/*[local-name()='html'][1]/*[local-name()='body'][1]/*[local-name()='div'][1]/*[local-name()='div'][11]/*[local-name()='div'][5]/*[local-name()='p'][1]" dictionary="hgnc" dictionaryCheck="false" name="human"/>
  <result pre=" To generate Otd overexpression clones, females of the genotype " exact="FRT19A" post=" ; UAS-otd were crossed to males of the genotype FR19A,Tub-Gal80,hsFLP; Tub-Gal4,UAS-mCD8:" xpath="/*[local-name()='html'][1]/*[local-name()='body'][1]/*[local-name()='div'][1]/*[local-name()='div'][11]/*[local-name()='div'][5]/*[local-name()='p'][1]" dictionary="hgnc" dictionaryCheck="false" name="human"/>
  <result pre=",UAS-mCD8::GFP/CyO. To generate rescue clones, females of the genotype FRT19A otd " exact="YH13" post=" /FM7a ; UAS-otd were crossed to males of the genotype FR19A,Tub-Gal80,hsFLP" xpath="/*[local-name()='html'][1]/*[local-name()='body'][1]/*[local-name()='div'][1]/*[local-name()='div'][11]/*[local-name()='div'][5]/*[local-name()='p'][1]" dictionary="hgnc" dictionaryCheck="false" name="human"/>
  <result pre="=&quot;p-93&quot;&gt; To generate clones for functional imaging, females of the genotype FRT19A,otd " exact="YH13" post=" /FM7a;GH146-Gal4,UAS-GCaMP3/CyO were crossed to males of the genotype FR19A,Tub-Ga" xpath="/*[local-name()='html'][1]/*[local-name()='body'][1]/*[local-name()='div'][1]/*[local-name()='div'][11]/*[local-name()='div'][5]/*[local-name()='p'][1]" dictionary="hgnc" dictionaryCheck="false" name="human"/>
  <result pre="agenta arrow in A,C). Midline is represented by the yellow line. Genotype: FRT19A, otd " exact="YH13" post=" /FRT19A,Tub-Gal80,hsFLP; GH146-Gal4,UAS-mCD8::GFP/+./+. " dictionary="hgnc" dictionaryCheck="false" name="human"/>
 </snippets>
</snippetsTree>
