<?xml version="1.0" encoding="UTF-8"?>
<cTreeFiles cTree="target/tutorial/mixed/file0">
 <file name="target/tutorial/mixed/file0/results/word/frequencies/results.xml"/>
</cTreeFiles>
