<?xml version="1.0" encoding="UTF-8"?>
<html xmlns="http://www.w3.org/1999/xhtml">
 <style> * { font-family : helvetica;} .font10 { font-size : 10; } .font13 { font-size : 13; } .font14 { font-size : 14; } .font17 { font-size : 17; } .font19 { font-size : 19; } .font18 { font-size : 18; } .font20 { font-size : 20; } .font22 { font-size : 22; } .font25 { font-size : 25; } .font27 { font-size : 27; } .font26 { font-size : 26; } .font29 { font-size : 29; } .font28 { font-size : 28; } .font30 { font-size : 30; }</style>
 <body>
  <p>
   <span class="font18">null </span>
   <span class="font17">null </span>
   <span class="font20">null </span>
   <span class="font10">null </span>
   <span class="font26">null </span>
   <span class="font27">null </span>
   <span class="font29">null </span>
   <span class="font30">null </span>
   <span class="font10">null </span>
   <span class="font28">null </span>
   <span class="font25">null </span>
   <span class="font22">null </span>
   <span class="font19">null </span>
   <span class="font14">null </span>
   <span class="font13">null </span>
   <span class="font10">null </span>
   <span class="font10">null </span>
   <span class="font10">null </span>
   <span class="font10">null </span>
   <span class="font10">null </span>
   <span class="font10">null </span>
   <span class="font10">null </span>
   <span class="font10">null </span>
   <span class="font10">null </span>
   <span class="font10">null </span>
   <span class="font10">null </span>
   <span class="font10">null </span>
   <span class="font10">null </span>
   <span class="font10">null </span>
   <span class="font10">null </span>
   <span class="font10">null </span>
   <span class="font10">null </span>
   <span class="font10">null </span>
   <span class="font10">null </span>
   <span class="font10">null </span>
   <span class="font10">null </span>
   <span class="font10">null </span>
   <span class="font10">null </span>
   <span class="font10">null </span>
   <span class="font10">null </span>
  </p>
 </body>
</html>
