<?xml version="1.0" encoding="UTF-8"?>
<html xmlns="http://www.w3.org/1999/xhtml">
 <style> * { font-family : helvetica;} .font32 { font-size : 32; } .font12 { font-size : 12; } .font13 { font-size : 13; } .font14 { font-size : 14; } .font15 { font-size : 15; } .font16 { font-size : 16; } .font17 { font-size : 17; } .font18 { font-size : 18; } .font19 { font-size : 19; } .font20 { font-size : 20; } .font22 { font-size : 22; } .font26 { font-size : 26; } .font27 { font-size : 27; } .font29 { font-size : 29; }</style>
 <body>
  <p>
   <span class="font32">samples </span>
   <span class="font29">Fusarium </span>
   <span class="font27">Figure </span>
   <span class="font27">volatile </span>
   <span class="font26">poae </span>
   <span class="font22">analysis </span>
   <span class="font22">grains </span>
   <span class="font22">metabolites </span>
   <span class="font20">wheat </span>
   <span class="font20">analyzed </span>
   <span class="font20">compounds </span>
   <span class="font19">controls </span>
   <span class="font18">Days </span>
   <span class="font18">data </span>
   <span class="font17">PCA </span>
   <span class="font17">score </span>
   <span class="font17">species </span>
   <span class="font17">contaminated </span>
   <span class="font17">contamination </span>
   <span class="font17">ethyl </span>
   <span class="font17">plot </span>
   <span class="font17">produced </span>
   <span class="font17">production </span>
   <span class="font17">used </span>
   <span class="font16">Alcohols </span>
   <span class="font16">OPLS-DA </span>
   <span class="font16">fungal </span>
   <span class="font16">fungi </span>
   <span class="font16">grain </span>
   <span class="font16">levels </span>
   <span class="font16">observed </span>
   <span class="font16">t[] </span>
   <span class="font16">volatiles </span>
   <span class="font15">CT, </span>
   <span class="font15">Day </span>
   <span class="font15">FT, </span>
   <span class="font15">Microbiol. </span>
   <span class="font15">SPME-GC/MS </span>
   <span class="font15">Volatile </span>
   <span class="font15">associated </span>
   <span class="font15">showed </span>
   <span class="font15">time </span>
   <span class="font15">Food </span>
   <span class="font15">Plant </span>
   <span class="font15">cereal </span>
   <span class="font15">component </span>
   <span class="font15">days </span>
   <span class="font15">inoculation </span>
   <span class="font15">plots </span>
   <span class="font15">variation </span>
   <span class="font14">cereals </span>
   <span class="font14">components </span>
   <span class="font14">contribution </span>
   <span class="font14">durum </span>
   <span class="font14">explained </span>
   <span class="font14">infected </span>
   <span class="font14">mycotoxins </span>
   <span class="font13">(FT) </span>
   <span class="font13">-methyl </span>
   <span class="font13">./A: </span>
   <span class="font13">Aromatics </span>
   <span class="font13">Asp. </span>
   <span class="font13">Eur. </span>
   <span class="font13">Pathol. </span>
   <span class="font13">acetate </span>
   <span class="font13">data. </span>
   <span class="font13">detected </span>
   <span class="font13">differences </span>
   <span class="font13">different </span>
   <span class="font13">early </span>
   <span class="font13">fact, </span>
   <span class="font13">growth </span>
   <span class="font13">multivariate </span>
   <span class="font13">negative </span>
   <span class="font13">poae-infected </span>
   <span class="font13">potential </span>
   <span class="font13">predictive </span>
   <span class="font13">responsible </span>
   <span class="font13">A). </span>
   <span class="font13">Appl. </span>
   <span class="font13">Int. </span>
   <span class="font13">applied </span>
   <span class="font13">compared </span>
   <span class="font13">compounds, </span>
   <span class="font13">dataset </span>
   <span class="font13">detection </span>
   <span class="font13">good </span>
   <span class="font13">groups </span>
   <span class="font13">head </span>
   <span class="font13">identify </span>
   <span class="font13">increase </span>
   <span class="font13">markers </span>
   <span class="font13">number </span>
   <span class="font13">principal </span>
   <span class="font13">profile </span>
   <span class="font13">related </span>
   <span class="font13">separation </span>
   <span class="font13">spoilage </span>
   <span class="font13">t[]/t[] </span>
   <span class="font13">variance </span>
   <span class="font12">(CT) </span>
   <span class="font12">(CT, </span>
   <span class="font12">(t[]) </span>
   <span class="font12">.%, </span>
   <span class="font12">.). </span>
   <span class="font12">BÃ¶rjesson </span>
   <span class="font12">Chem. </span>
   <span class="font12">Esters </span>
   <span class="font12">European </span>
   <span class="font12">Ketones </span>
   <span class="font12">Langseth </span>
   <span class="font12">Moretti </span>
   <span class="font12">Stollman </span>
   <span class="font12">blight </span>
   <span class="font12">butanol </span>
   <span class="font12">carried </span>
   <span class="font12">contaminating </span>
   <span class="font12">contamination. </span>
   <span class="font12">course </span>
   <span class="font12">decrease </span>
   <span class="font12">ethanol </span>
   <span class="font12">food </span>
   <span class="font12">identified </span>
   <span class="font12">indicate </span>
   <span class="font12">order </span>
   <span class="font12">organic </span>
   <span class="font12">orthogonal </span>
   <span class="font12">produce </span>
   <span class="font12">relationship </span>
   <span class="font12">samples, </span>
   <span class="font12">samples. </span>
   <span class="font12">statistical </span>
   <span class="font12">total </span>
   <span class="font12">triplicate </span>
   <span class="font12">using </span>
   <span class="font12">values </span>
   <span class="font12">vs. </span>
  </p>
 </body>
</html>
