<?xml version="1.0" encoding="UTF-8"?>
<results title="frequencies">
 <result title="frequency" word="samples" count="35"/>
 <result title="frequency" word="Fusarium" count="30"/>
 <result title="frequency" word="Figure" count="27"/>
 <result title="frequency" word="volatile" count="27"/>
 <result title="frequency" word="poae" count="26"/>
 <result title="frequency" word="analysis" count="20"/>
 <result title="frequency" word="grains" count="20"/>
 <result title="frequency" word="metabolites" count="20"/>
 <result title="frequency" word="wheat" count="17"/>
 <result title="frequency" word="analyzed" count="16"/>
 <result title="frequency" word="compounds" count="16"/>
 <result title="frequency" word="controls" count="14"/>
 <result title="frequency" word="Days" count="13"/>
 <result title="frequency" word="data" count="13"/>
 <result title="frequency" word="PCA" count="12"/>
 <result title="frequency" word="score" count="12"/>
 <result title="frequency" word="species" count="12"/>
 <result title="frequency" word="contaminated" count="11"/>
 <result title="frequency" word="contamination" count="11"/>
 <result title="frequency" word="ethyl" count="11"/>
 <result title="frequency" word="plot" count="11"/>
 <result title="frequency" word="produced" count="11"/>
 <result title="frequency" word="production" count="11"/>
 <result title="frequency" word="used" count="11"/>
 <result title="frequency" word="Alcohols" count="10"/>
 <result title="frequency" word="OPLS-DA" count="10"/>
 <result title="frequency" word="fungal" count="10"/>
 <result title="frequency" word="fungi" count="10"/>
 <result title="frequency" word="grain" count="10"/>
 <result title="frequency" word="levels" count="10"/>
 <result title="frequency" word="observed" count="10"/>
 <result title="frequency" word="t[]" count="10"/>
 <result title="frequency" word="volatiles" count="10"/>
 <result title="frequency" word="CT," count="9"/>
 <result title="frequency" word="Day" count="9"/>
 <result title="frequency" word="FT," count="9"/>
 <result title="frequency" word="Microbiol." count="9"/>
 <result title="frequency" word="SPME-GC/MS" count="9"/>
 <result title="frequency" word="Volatile" count="9"/>
 <result title="frequency" word="associated" count="9"/>
 <result title="frequency" word="showed" count="9"/>
 <result title="frequency" word="time" count="9"/>
 <result title="frequency" word="Food" count="8"/>
 <result title="frequency" word="Plant" count="8"/>
 <result title="frequency" word="cereal" count="8"/>
 <result title="frequency" word="component" count="8"/>
 <result title="frequency" word="days" count="8"/>
 <result title="frequency" word="inoculation" count="8"/>
 <result title="frequency" word="plots" count="8"/>
 <result title="frequency" word="variation" count="8"/>
 <result title="frequency" word="cereals" count="7"/>
 <result title="frequency" word="components" count="7"/>
 <result title="frequency" word="contribution" count="7"/>
 <result title="frequency" word="durum" count="7"/>
 <result title="frequency" word="explained" count="7"/>
 <result title="frequency" word="infected" count="7"/>
 <result title="frequency" word="mycotoxins" count="7"/>
 <result title="frequency" word="(FT)" count="6"/>
 <result title="frequency" word="-methyl" count="6"/>
 <result title="frequency" word="./A:" count="6"/>
 <result title="frequency" word="Aromatics" count="6"/>
 <result title="frequency" word="Asp." count="6"/>
 <result title="frequency" word="Eur." count="6"/>
 <result title="frequency" word="Pathol." count="6"/>
 <result title="frequency" word="acetate" count="6"/>
 <result title="frequency" word="data." count="6"/>
 <result title="frequency" word="detected" count="6"/>
 <result title="frequency" word="differences" count="6"/>
 <result title="frequency" word="different" count="6"/>
 <result title="frequency" word="early" count="6"/>
 <result title="frequency" word="fact," count="6"/>
 <result title="frequency" word="growth" count="6"/>
 <result title="frequency" word="multivariate" count="6"/>
 <result title="frequency" word="negative" count="6"/>
 <result title="frequency" word="poae-infected" count="6"/>
 <result title="frequency" word="potential" count="6"/>
 <result title="frequency" word="predictive" count="6"/>
 <result title="frequency" word="responsible" count="6"/>
 <result title="frequency" word="A)." count="5"/>
 <result title="frequency" word="Appl." count="5"/>
 <result title="frequency" word="Int." count="5"/>
 <result title="frequency" word="applied" count="5"/>
 <result title="frequency" word="compared" count="5"/>
 <result title="frequency" word="compounds," count="5"/>
 <result title="frequency" word="dataset" count="5"/>
 <result title="frequency" word="detection" count="5"/>
 <result title="frequency" word="good" count="5"/>
 <result title="frequency" word="groups" count="5"/>
 <result title="frequency" word="head" count="5"/>
 <result title="frequency" word="identify" count="5"/>
 <result title="frequency" word="increase" count="5"/>
 <result title="frequency" word="markers" count="5"/>
 <result title="frequency" word="number" count="5"/>
 <result title="frequency" word="principal" count="5"/>
 <result title="frequency" word="profile" count="5"/>
 <result title="frequency" word="related" count="5"/>
 <result title="frequency" word="separation" count="5"/>
 <result title="frequency" word="spoilage" count="5"/>
 <result title="frequency" word="t[]/t[]" count="5"/>
 <result title="frequency" word="variance" count="5"/>
 <result title="frequency" word="(CT)" count="4"/>
 <result title="frequency" word="(CT," count="4"/>
 <result title="frequency" word="(t[])" count="4"/>
 <result title="frequency" word=".%," count="4"/>
 <result title="frequency" word=".)." count="4"/>
 <result title="frequency" word="BÃ¶rjesson" count="4"/>
 <result title="frequency" word="Chem." count="4"/>
 <result title="frequency" word="Esters" count="4"/>
 <result title="frequency" word="European" count="4"/>
 <result title="frequency" word="Ketones" count="4"/>
 <result title="frequency" word="Langseth" count="4"/>
 <result title="frequency" word="Moretti" count="4"/>
 <result title="frequency" word="Stollman" count="4"/>
 <result title="frequency" word="blight" count="4"/>
 <result title="frequency" word="butanol" count="4"/>
 <result title="frequency" word="carried" count="4"/>
 <result title="frequency" word="contaminating" count="4"/>
 <result title="frequency" word="contamination." count="4"/>
 <result title="frequency" word="course" count="4"/>
 <result title="frequency" word="decrease" count="4"/>
 <result title="frequency" word="ethanol" count="4"/>
 <result title="frequency" word="food" count="4"/>
 <result title="frequency" word="identified" count="4"/>
 <result title="frequency" word="indicate" count="4"/>
 <result title="frequency" word="order" count="4"/>
 <result title="frequency" word="organic" count="4"/>
 <result title="frequency" word="orthogonal" count="4"/>
 <result title="frequency" word="produce" count="4"/>
 <result title="frequency" word="relationship" count="4"/>
 <result title="frequency" word="samples," count="4"/>
 <result title="frequency" word="samples." count="4"/>
 <result title="frequency" word="statistical" count="4"/>
 <result title="frequency" word="total" count="4"/>
 <result title="frequency" word="triplicate" count="4"/>
 <result title="frequency" word="using" count="4"/>
 <result title="frequency" word="values" count="4"/>
 <result title="frequency" word="vs." count="4"/>
</results>
