<?xml version="1.0" encoding="UTF-8"?>
<snippetsTree>
 <snippets file="target/tutorial/mixed/file4/results/gene/human/results.xml">
  <result pre=" is an important intracellular messenger. Comparisons between zebrafish wwox and human " exact="WWOX" post=" sequences identified highly conserved domain structures. wwox was expressed in developing he" xpath="/*[local-name()='html'][1]/*[local-name()='body'][1]/*[local-name()='div'][1]/*[local-name()='div'][7]/*[local-name()='p'][2]" name="human"/>
  <result pre="WW domain-containing oxidoreductase ( " exact="WWOX" post=") is a tumor suppressor gene that is reportedly absent in several cancers, including those of breast" xpath="/*[local-name()='html'][1]/*[local-name()='body'][1]/*[local-name()='div'][1]/*[local-name()='div'][7]/*[local-name()='p'][2]" name="human"/>
  <result pre="out (KO) mice ( Yang &amp;amp;amp; Zhang, 2008; Gardenswartz &amp;amp;amp; Aqeilan, 2014; Li et al., 2014). " exact="WWOX" post=" is a 46-kDa protein with two N-terminal WW domains and a central short-chain dehydrogenase/reductas" xpath="/*[local-name()='html'][1]/*[local-name()='body'][1]/*[local-name()='div'][1]/*[local-name()='div'][7]/*[local-name()='p'][2]" name="human"/>
  <result pre="n may play roles in steroid metabolism and bone development ( Salah et al., 2013; Li et al., 2014). " exact="WWOX" post=" is essential for vertebrate development and bone metabolism, which are dependent on intracellular C" xpath="/*[local-name()='html'][1]/*[local-name()='body'][1]/*[local-name()='div'][1]/*[local-name()='div'][7]/*[local-name()='p'][2]" name="human"/>
  <result pre="(A) Human and zebrafish " exact="WWOX" post=" amino acid sequence alignments Human WWOX (accession no. " xpath="/*[local-name()='html'][1]/*[local-name()='body'][1]/*[local-name()='div'][1]/*[local-name()='div'][7]/*[local-name()='p'][2]" name="human"/>
  <result pre="(A) Human and zebrafish WWOX amino acid sequence alignments Human " exact="WWOX" post=" (accession no. " xpath="/*[local-name()='html'][1]/*[local-name()='body'][1]/*[local-name()='div'][1]/*[local-name()='div'][7]/*[local-name()='p'][2]" name="human"/>
  <result pre="Human " exact="WWOX" post=" has been functionally associated with breast cancers in humans, and zebrafish and human WWOX" xpath="/*[local-name()='html'][1]/*[local-name()='body'][1]/*[local-name()='div'][1]/*[local-name()='div'][7]/*[local-name()='p'][2]" name="human"/>
  <result pre="WWOX has been functionally associated with breast cancers in humans, and zebrafish and human " exact="WWOX" post=" amino acid sequences are highly homologous. Thus, despite the absence of breast tissue in zebrafish" xpath="/*[local-name()='html'][1]/*[local-name()='body'][1]/*[local-name()='div'][1]/*[local-name()='div'][7]/*[local-name()='p'][2]" name="human"/>
  <result pre="are highly homologous. Thus, despite the absence of breast tissue in zebrafish, zebrafish and human " exact="WWOX" post=" may have similar functions. In the present study, knockdown of wwox in zebrafish embryos pro" xpath="/*[local-name()='html'][1]/*[local-name()='body'][1]/*[local-name()='div'][1]/*[local-name()='div'][7]/*[local-name()='p'][2]" name="human"/>
  <result pre=" Nunez, Ludes-Meyers &amp;amp;amp; Aldaz (2006) reported high " exact="WWOX" post=" mRNA expression in human breast, ovaries, testes, and prostate tissues, and WWOX expression " xpath="/*[local-name()='html'][1]/*[local-name()='body'][1]/*[local-name()='div'][1]/*[local-name()='div'][7]/*[local-name()='p'][2]" name="human"/>
  <result pre="ported high WWOX mRNA expression in human breast, ovaries, testes, and prostate tissues, and " exact="WWOX" post=" expression was reportedly absent in several breast cancers ( Lewandowska et al., 2009). Although ze" xpath="/*[local-name()='html'][1]/*[local-name()='body'][1]/*[local-name()='div'][1]/*[local-name()='div'][7]/*[local-name()='p'][2]" name="human"/>
  <result pre="in wwox deficient zebrafish, as shown in mice ( Qu et al., 2013). Previous studies implicate " exact="WWOX" post=" in the development of gastric carcinoma ( Aqeilan et al., 2004), suggesting that additional effects" name="human"/>
 </snippets>
</snippetsTree>
