<?xml version="1.0" encoding="UTF-8"?>
<cTreeFiles cTree="target/tutorial/mixed/file4">
 <file name="target/tutorial/mixed/file4/results/gene/human/results.xml"/>
</cTreeFiles>
