<?xml version="1.0" encoding="UTF-8"?>
<results title="genus">
 <result pre=" " exact="Epidermis" match="Epidermis" post=" (Figs 7â€“10). Columnar epithelium, " name="genus"/>
</results>
