<?xml version="1.0" encoding="UTF-8"?>
<results title="frequencies">
 <result title="frequency" word="multiple" count="80"/>
 <result title="frequency" word="ENL" count="73"/>
 <result title="frequency" word="care" count="68"/>
 <result title="frequency" word="threshold" count="56"/>
 <result title="frequency" word="outcomes" count="54"/>
 <result title="frequency" word="values" count="39"/>
 <result title="frequency" word="effects" count="38"/>
 <result title="frequency" word="PEACH" count="36"/>
 <result title="frequency" word="analysis" count="35"/>
 <result title="frequency" word="CDU" count="34"/>
 <result title="frequency" word="cost" count="33"/>
 <result title="frequency" word="model" count="33"/>
 <result title="frequency" word="costs" count="32"/>
 <result title="frequency" word="value" count="32"/>
 <result title="frequency" word="cost-effectiveness" count="30"/>
 <result title="frequency" word="strategies" count="29"/>
 <result title="frequency" word="uncertainty" count="28"/>
 <result title="frequency" word="health" count="27"/>
 <result title="frequency" word="incremental" count="27"/>
 <result title="frequency" word="relative" count="27"/>
 <result title="frequency" word="decision" count="26"/>
 <result title="frequency" word="measures" count="25"/>
 <result title="frequency" word="palliative" count="25"/>
 <result title="frequency" word="planes" count="25"/>
 <result title="frequency" word="space" count="24"/>
 <result title="frequency" word="strategy" count="24"/>
 <result title="frequency" word="expected" count="23"/>
 <result title="frequency" word="usual" count="23"/>
 <result title="frequency" word="Health" count="22"/>
 <result title="frequency" word="frontier" count="21"/>
 <result title="frequency" word="mean" count="21"/>
 <result title="frequency" word="alternative" count="20"/>
 <result title="frequency" word="doi:" count="20"/>
 <result title="frequency" word="given" count="20"/>
 <result title="frequency" word="home" count="20"/>
 <result title="frequency" word="net" count="20"/>
 <result title="frequency" word="efficiency" count="19"/>
 <result title="frequency" word="methods" count="19"/>
 <result title="frequency" word="combinations" count="18"/>
 <result title="frequency" word="comparison" count="17"/>
 <result title="frequency" word="summary" count="17"/>
 <result title="frequency" word="regions" count="16"/>
 <result title="frequency" word="service" count="16"/>
 <result title="frequency" word="Eckermann" count="15"/>
 <result title="frequency" word="contour" count="15"/>
 <result title="frequency" word="loss" count="15"/>
 <result title="frequency" word="making" count="15"/>
 <result title="frequency" word="models" count="15"/>
 <result title="frequency" word="outcome" count="15"/>
 <result title="frequency" word="curves" count="14"/>
 <result title="frequency" word="domains" count="14"/>
 <result title="frequency" word="economic" count="14"/>
 <result title="frequency" word="joint" count="14"/>
 <result title="frequency" word="minimises" count="14"/>
 <result title="frequency" word="minimising" count="14"/>
 <result title="frequency" word="plane" count="14"/>
 <result title="frequency" word="Equation" count="13"/>
 <result title="frequency" word="decisions" count="13"/>
 <result title="frequency" word="represents" count="13"/>
 <result title="frequency" word="$,)" count="12"/>
 <result title="frequency" word="&amp;amp;" count="12"/>
 <result title="frequency" word="calculated" count="12"/>
 <result title="frequency" word="different" count="12"/>
 <result title="frequency" word="maximising" count="12"/>
 <result title="frequency" word="perspective" count="12"/>
 <result title="frequency" word="preferred" count="12"/>
 <result title="frequency" word="presented" count="12"/>
 <result title="frequency" word="societal" count="12"/>
 <result title="frequency" word="However," count="11"/>
 <result title="frequency" word="acceptability" count="11"/>
 <result title="frequency" word="comparing" count="11"/>
 <result title="frequency" word="differences" count="11"/>
 <result title="frequency" word="effect" count="11"/>
 <result title="frequency" word="evaluation" count="11"/>
 <result title="frequency" word="information" count="11"/>
 <result title="frequency" word="patient" count="11"/>
 <result title="frequency" word="probability" count="11"/>
 <result title="frequency" word="using" count="11"/>
 <result title="frequency" word="CEA" count="10"/>
 <result title="frequency" word="allow" count="10"/>
 <result title="frequency" word="framed" count="10"/>
 <result title="frequency" word="interventions" count="10"/>
 <result title="frequency" word="new" count="10"/>
 <result title="frequency" word="potential" count="10"/>
 <result title="frequency" word="(.," count="9"/>
 <result title="frequency" word="Care" count="9"/>
 <result title="frequency" word="Fig." count="9"/>
 <result title="frequency" word="Multiple" count="9"/>
 <result title="frequency" word="Threshold" count="9"/>
 <result title="frequency" word="advantages" count="9"/>
 <result title="frequency" word="care," count="9"/>
 <result title="frequency" word="consideration" count="9"/>
 <result title="frequency" word="effectiveness" count="9"/>
 <result title="frequency" word="i.e." count="9"/>
 <result title="frequency" word="proportion" count="9"/>
 <result title="frequency" word="research" count="9"/>
 <result title="frequency" word="set" count="9"/>
 <result title="frequency" word=".𝕜" count="8"/>
 <result title="frequency" word="INB" count="8"/>
 <result title="frequency" word="McCaffrey" count="8"/>
 <result title="frequency" word="Palliative" count="8"/>
 <result title="frequency" word="applied" count="8"/>
 <result title="frequency" word="approach" count="8"/>
 <result title="frequency" word="associated" count="8"/>
 <result title="frequency" word="cost-disutility" count="8"/>
 <result title="frequency" word="current" count="8"/>
 <result title="frequency" word="days" count="8"/>
 <result title="frequency" word="disease" count="8"/>
 <result title="frequency" word="effects." count="8"/>
 <result title="frequency" word="example," count="8"/>
 <result title="frequency" word="important" count="8"/>
 <result title="frequency" word="inform" count="8"/>
 <result title="frequency" word="intervention" count="8"/>
 <result title="frequency" word="outcomes." count="8"/>
 <result title="frequency" word="presentation" count="8"/>
 <result title="frequency" word="robust" count="8"/>
 <result title="frequency" word="technical" count="8"/>
 <result title="frequency" word="use" count="8"/>
 <result title="frequency" word="utility" count="8"/>
 <result title="frequency" word="($,," count="7"/>
 <result title="frequency" word="Briggs" count="7"/>
 <result title="frequency" word="Cost-effectiveness" count="7"/>
 <result title="frequency" word="Table" count="7"/>
 <result title="frequency" word="Willan" count="7"/>
 <result title="frequency" word="analyses" count="7"/>
 <result title="frequency" word="benefit" count="7"/>
 <result title="frequency" word="care." count="7"/>
 <result title="frequency" word="considered" count="7"/>
 <result title="frequency" word="cost-effective" count="7"/>
 <result title="frequency" word="day" count="7"/>
 <result title="frequency" word="death" count="7"/>
 <result title="frequency" word="disutility" count="7"/>
 <result title="frequency" word="does" count="7"/>
 <result title="frequency" word="dominated" count="7"/>
 <result title="frequency" word="enable" count="7"/>
 <result title="frequency" word="explicit" count="7"/>
 <result title="frequency" word="extra" count="7"/>
 <result title="frequency" word="impacts" count="7"/>
 <result title="frequency" word="limited" count="7"/>
 <result title="frequency" word="minimise" count="7"/>
 <result title="frequency" word="opportunity" count="7"/>
 <result title="frequency" word="point" count="7"/>
 <result title="frequency" word="preferences" count="7"/>
 <result title="frequency" word="relevant" count="7"/>
 <result title="frequency" word="replicates" count="7"/>
 <result title="frequency" word="single" count="7"/>
 <result title="frequency" word="uncertainty." count="7"/>
 <result title="frequency" word="./journal.pone..g" count="6"/>
 <result title="frequency" word="CCA" count="6"/>
 <result title="frequency" word="Currow" count="6"/>
 <result title="frequency" word="Decision" count="6"/>
 <result title="frequency" word="ENB" count="6"/>
 <result title="frequency" word="Fig" count="6"/>
 <result title="frequency" word="Hawe" count="6"/>
 <result title="frequency" word="Med" count="6"/>
 <result title="frequency" word="allowing" count="6"/>
 <result title="frequency" word="better" count="6"/>
 <result title="frequency" word="budget" count="6"/>
 <result title="frequency" word="complex" count="6"/>
 <result title="frequency" word="considered." count="6"/>
 <result title="frequency" word="deaths" count="6"/>
 <result title="frequency" word="displacement" count="6"/>
 <result title="frequency" word="effective" count="6"/>
 <result title="frequency" word="lead" count="6"/>
 <result title="frequency" word="lower" count="6"/>
 <result title="frequency" word="maximise" count="6"/>
 <result title="frequency" word="measure" count="6"/>
 <result title="frequency" word="optimal" count="6"/>
 <result title="frequency" word="outcomes," count="6"/>
 <result title="frequency" word="paper" count="6"/>
 <result title="frequency" word="perfect" count="6"/>
 <result title="frequency" word="return" count="6"/>
 <result title="frequency" word="risk" count="6"/>
 <result title="frequency" word="space," count="6"/>
 <result title="frequency" word="technology" count="6"/>
 <result title="frequency" word="trade-offs" count="6"/>
 <result title="frequency" word="$,," count="5"/>
 <result title="frequency" word="./--" count="5"/>
 <result title="frequency" word="ENL." count="5"/>
 <result title="frequency" word="Expected" count="5"/>
 <result title="frequency" word="Making" count="5"/>
 <result title="frequency" word="Pharmacoeconomics" count="5"/>
 <result title="frequency" word="Shiell" count="5"/>
 <result title="frequency" word="Value" count="5"/>
 <result title="frequency" word="allocative" count="5"/>
 <result title="frequency" word="bound" count="5"/>
 <result title="frequency" word="compare" count="5"/>
 <result title="frequency" word="consequences" count="5"/>
 <result title="frequency" word="constrained" count="5"/>
 <result title="frequency" word="dimensional" count="5"/>
 <result title="frequency" word="discrete" count="5"/>
 <result title="frequency" word="formed" count="5"/>
 <result title="frequency" word="funding" count="5"/>
 <result title="frequency" word="inpatient" count="5"/>
 <result title="frequency" word="inputs" count="5"/>
 <result title="frequency" word="investment" count="5"/>
 <result title="frequency" word="issues" count="5"/>
 <result title="frequency" word="jointly" count="5"/>
 <result title="frequency" word="methodology" count="5"/>
 <result title="frequency" word="monetary" count="5"/>
 <result title="frequency" word="objective" count="5"/>
 <result title="frequency" word="patients" count="5"/>
 <result title="frequency" word="pilot" count="5"/>
 <result title="frequency" word="promotion" count="5"/>
 <result title="frequency" word="proposed" count="5"/>
 <result title="frequency" word="somewhat" count="5"/>
 <result title="frequency" word="study" count="5"/>
 <result title="frequency" word="uncertainty," count="5"/>
 <result title="frequency" word="&amp;lt;" count="4"/>
 <result title="frequency" word="(i)" count="4"/>
 <result title="frequency" word="(ii)" count="4"/>
 <result title="frequency" word="(see" count="4"/>
 <result title="frequency" word="Analysis" count="4"/>
 <result title="frequency" word="Assess" count="4"/>
 <result title="frequency" word="BMJ" count="4"/>
 <result title="frequency" word="CEAP" count="4"/>
 <result title="frequency" word="Comparison" count="4"/>
 <result title="frequency" word="DEA" count="4"/>
 <result title="frequency" word="Economic" count="4"/>
 <result title="frequency" word="Frontier" count="4"/>
 <result title="frequency" word="Furthermore," count="4"/>
 <result title="frequency" word="Medical" count="4"/>
 <result title="frequency" word="Methods" count="4"/>
 <result title="frequency" word="Net" count="4"/>
 <result title="frequency" word="Pekarsky" count="4"/>
 <result title="frequency" word="PharmacoEconomics" count="4"/>
 <result title="frequency" word="Research" count="4"/>
 <result title="frequency" word="Technical" count="4"/>
 <result title="frequency" word="Technol" count="4"/>
 <result title="frequency" word="Uncertainty" count="4"/>
 <result title="frequency" word="University" count="4"/>
 <result title="frequency" word="Using" count="4"/>
 <result title="frequency" word="Usual" count="4"/>
 <result title="frequency" word="additional" count="4"/>
 <result title="frequency" word="aid" count="4"/>
 <result title="frequency" word="application" count="4"/>
 <result title="frequency" word="areas" count="4"/>
 <result title="frequency" word="arise" count="4"/>
 <result title="frequency" word="assessment" count="4"/>
 <result title="frequency" word="based" count="4"/>
 <result title="frequency" word="benefits" count="4"/>
 <result title="frequency" word="best" count="4"/>
 <result title="frequency" word="case" count="4"/>
 <result title="frequency" word="cheapest" count="4"/>
 <result title="frequency" word="choosing" count="4"/>
 <result title="frequency" word="compared" count="4"/>
 <result title="frequency" word="consistent" count="4"/>
 <result title="frequency" word="contraction" count="4"/>
 <result title="frequency" word="conventional" count="4"/>
 <result title="frequency" word="data" count="4"/>
 <result title="frequency" word="distinct" count="4"/>
 <result title="frequency" word="estimation" count="4"/>
 <result title="frequency" word="future" count="4"/>
 <result title="frequency" word="home-based" count="4"/>
 <result title="frequency" word="illustrated" count="4"/>
 <result title="frequency" word="inefficiency" count="4"/>
 <result title="frequency" word="informing" count="4"/>
 <result title="frequency" word="minimizes" count="4"/>
 <result title="frequency" word="participant" count="4"/>
 <result title="frequency" word="place" count="4"/>
 <result title="frequency" word="previous" count="4"/>
 <result title="frequency" word="readily" count="4"/>
 <result title="frequency" word="reflecting" count="4"/>
 <result title="frequency" word="reimbursement" count="4"/>
 <result title="frequency" word="replicates." count="4"/>
 <result title="frequency" word="represented" count="4"/>
 <result title="frequency" word="settings" count="4"/>
 <result title="frequency" word="shadow" count="4"/>
 <result title="frequency" word="shown" count="4"/>
 <result title="frequency" word="strategies." count="4"/>
 <result title="frequency" word="survival" count="4"/>
 <result title="frequency" word="used" count="4"/>
 <result title="frequency" word="utility-reducing" count="4"/>
 <result title="frequency" word="valuation" count="4"/>
 <result title="frequency" word="values," count="4"/>
 <result title="frequency" word="values." count="4"/>
</results>
