<?xml version="1.0" encoding="UTF-8"?>
<results title="frequencies">
 <result title="frequency" word="Girardia" count="36"/>
 <result title="frequency" word="species" count="32"/>
 <result title="frequency" word="glands" count="31"/>
 <result title="frequency" word="(Fig." count="25"/>
 <result title="frequency" word="(Figs" count="22"/>
 <result title="frequency" word="body" count="19"/>
 <result title="frequency" word="penis" count="18"/>
 <result title="frequency" word="al." count="17"/>
 <result title="frequency" word="layer" count="17"/>
 <result title="frequency" word="multidiverticulata" count="16"/>
 <result title="frequency" word="Kawakatsu" count="15"/>
 <result title="frequency" word="bulbar" count="15"/>
 <result title="frequency" word="circular" count="15"/>
 <result title="frequency" word="copulatory" count="15"/>
 <result title="frequency" word="secretion" count="15"/>
 <result title="frequency" word="South" count="14"/>
 <result title="frequency" word="cavity" count="14"/>
 <result title="frequency" word="muscle" count="14"/>
 <result title="frequency" word="–)." count="14"/>
 <result title="frequency" word="Trajano" count="13"/>
 <result title="frequency" word="cyanophil" count="13"/>
 <result title="frequency" word="lined" count="13"/>
 <result title="frequency" word="longitudinal" count="13"/>
 <result title="frequency" word="new" count="13"/>
 <result title="frequency" word="Sluys" count="12"/>
 <result title="frequency" word="erythrophil" count="12"/>
 <result title="frequency" word="troglobitic" count="12"/>
 <result title="frequency" word="ventral" count="12"/>
 <result title="frequency" word="Bodoquena" count="11"/>
 <result title="frequency" word="cell" count="11"/>
 <result title="frequency" word="pharyngeal" count="11"/>
 <result title="frequency" word="Brazil" count="10"/>
 <result title="frequency" word="MZU" count="10"/>
 <result title="frequency" word="São" count="10"/>
 <result title="frequency" word="atrium" count="10"/>
 <result title="frequency" word="doi:" count="10"/>
 <result title="frequency" word="musculature" count="10"/>
 <result title="frequency" word="subepithelial" count="10"/>
 <result title="frequency" word="Cordeiro" count="9"/>
 <result title="frequency" word="Plateau," count="9"/>
 <result title="frequency" word="Tricladida" count="9"/>
 <result title="frequency" word="anterior" count="9"/>
 <result title="frequency" word="bursa" count="9"/>
 <result title="frequency" word="cave" count="9"/>
 <result title="frequency" word="open" count="9"/>
 <result title="frequency" word="sagittal" count="9"/>
 <result title="frequency" word="specimens" count="9"/>
 <result title="frequency" word="&amp;amp;" count="8"/>
 <result title="frequency" word="Brazilian" count="8"/>
 <result title="frequency" word="Continenticola" count="8"/>
 <result title="frequency" word="Mitchell" count="8"/>
 <result title="frequency" word="PL." count="8"/>
 <result title="frequency" word="columnar" count="8"/>
 <result title="frequency" word="cuboidal" count="8"/>
 <result title="frequency" word="epithelium" count="8"/>
 <result title="frequency" word="epithelium," count="8"/>
 <result title="frequency" word="male" count="8"/>
 <result title="frequency" word="posterior" count="8"/>
 <result title="frequency" word="recorded" count="8"/>
 <result title="frequency" word="suborder" count="8"/>
 <result title="frequency" word="Brazil," count="7"/>
 <result title="frequency" word="Brazil." count="7"/>
 <result title="frequency" word="Grosso" count="7"/>
 <result title="frequency" word="Paludicola" count="7"/>
 <result title="frequency" word="caves" count="7"/>
 <result title="frequency" word="freshwater" count="7"/>
 <result title="frequency" word="holotype)" count="7"/>
 <result title="frequency" word="insunk" count="7"/>
 <result title="frequency" word="papilla" count="7"/>
 <result title="frequency" word="tip" count="7"/>
 <result title="frequency" word="Figures" count="6"/>
 <result title="frequency" word="Mato" count="6"/>
 <result title="frequency" word="Sul," count="6"/>
 <result title="frequency" word="canal" count="6"/>
 <result title="frequency" word="ciliated," count="6"/>
 <result title="frequency" word="duct" count="6"/>
 <result title="frequency" word="ducts" count="6"/>
 <result title="frequency" word="female" count="6"/>
 <result title="frequency" word="fibres" count="6"/>
 <result title="frequency" word="followed" count="6"/>
 <result title="frequency" word="holotype" count="6"/>
 <result title="frequency" word="invertebrates," count="6"/>
 <result title="frequency" word="located" count="6"/>
 <result title="frequency" word="non-ciliated," count="6"/>
 <result title="frequency" word="pharynx" count="6"/>
 <result title="frequency" word="surface" count="6"/>
 <result title="frequency" word="&quot;Buraco" count="5"/>
 <result title="frequency" word="America" count="5"/>
 <result title="frequency" word="Bicho&quot;" count="5"/>
 <result title="frequency" word="Bichuette" count="5"/>
 <result title="frequency" word="Dugesia" count="5"/>
 <result title="frequency" word="Paulo," count="5"/>
 <result title="frequency" word="Serra" count="5"/>
 <result title="frequency" word="addition," count="5"/>
 <result title="frequency" word="bodies" count="5"/>
 <result title="frequency" word="branched" count="5"/>
 <result title="frequency" word="bursal" count="5"/>
 <result title="frequency" word="cells" count="5"/>
 <result title="frequency" word="constituted" count="5"/>
 <result title="frequency" word="cutaneous" count="5"/>
 <result title="frequency" word="fibers" count="5"/>
 <result title="frequency" word="flatworms" count="5"/>
 <result title="frequency" word="genus" count="5"/>
 <result title="frequency" word="holotype)." count="5"/>
 <result title="frequency" word="irregular" count="5"/>
 <result title="frequency" word="laboratory" count="5"/>
 <result title="frequency" word="large" count="5"/>
 <result title="frequency" word="level" count="5"/>
 <result title="frequency" word="live" count="5"/>
 <result title="frequency" word="long" count="5"/>
 <result title="frequency" word="multiple" count="5"/>
 <result title="frequency" word="muscularis" count="5"/>
 <result title="frequency" word="small" count="5"/>
 <result title="frequency" word="sp." count="5"/>
 <result title="frequency" word="testes" count="5"/>
 <result title="frequency" word="unique" count="5"/>
 <result title="frequency" word="(%)**" count="4"/>
 <result title="frequency" word="(Mitchell" count="4"/>
 <result title="frequency" word="America." count="4"/>
 <result title="frequency" word="Cerrado" count="4"/>
 <result title="frequency" word="Dugesiidae" count="4"/>
 <result title="frequency" word="Froehlich" count="4"/>
 <result title="frequency" word="Gnaspini" count="4"/>
 <result title="frequency" word="PL.:" count="4"/>
 <result title="frequency" word="Paratype" count="4"/>
 <result title="frequency" word="Platyhelminthes" count="4"/>
 <result title="frequency" word="areas" count="4"/>
 <result title="frequency" word="cave," count="4"/>
 <result title="frequency" word="central" count="4"/>
 <result title="frequency" word="composed" count="4"/>
 <result title="frequency" word="dorsal" count="4"/>
 <result title="frequency" word="epigean" count="4"/>
 <result title="frequency" word="extrabulbar" count="4"/>
 <result title="frequency" word="feature" count="4"/>
 <result title="frequency" word="fine" count="4"/>
 <result title="frequency" word="gonoduct" count="4"/>
 <result title="frequency" word="granular" count="4"/>
 <result title="frequency" word="karst" count="4"/>
 <result title="frequency" word="large," count="4"/>
 <result title="frequency" word="limestone" count="4"/>
 <result title="frequency" word="mainly" count="4"/>
 <result title="frequency" word="opening" count="4"/>
 <result title="frequency" word="papilla." count="4"/>
 <result title="frequency" word="region" count="4"/>
 <result title="frequency" word="reproductive" count="4"/>
 <result title="frequency" word="sections" count="4"/>
 <result title="frequency" word="similar" count="4"/>
 <result title="frequency" word="situated" count="4"/>
 <result title="frequency" word="sperm" count="4"/>
 <result title="frequency" word="subterranean" count="4"/>
</results>
