<?xml version="1.0" encoding="UTF-8"?>
<cTreeFiles cTree="target/tutorial/mixed/file1">
 <file name="target/tutorial/mixed/file1/results/species/binomial/results.xml"/>
</cTreeFiles>
