<?xml version="1.0" encoding="UTF-8"?>
<snippetsTree>
 <snippets file="target/tutorial/mixed/file1/results/word/frequencies/results.xml">
  <result title="frequency" word="years" count="58"/>
  <result title="frequency" word="age" count="55"/>
  <result title="frequency" word="estimates" count="54"/>
  <result title="frequency" word="longevity" count="44"/>
  <result title="frequency" word="terraenovae" count="39"/>
  <result title="frequency" word="data" count="31"/>
  <result title="frequency" word="direct" count="29"/>
  <result title="frequency" word="acronotus" count="23"/>
  <result title="frequency" word="tag-recapture" count="21"/>
 </snippets>
</snippetsTree>
