<?xml version="1.0" encoding="UTF-8"?>
<cTreeFiles cTree="target/tutorial/mixed/file3">
 <file name="target/tutorial/mixed/file3/results/species/binomial/results.xml"/>
 <file name="target/tutorial/mixed/file3/results/species/genus/results.xml"/>
</cTreeFiles>
