<?xml version="1.0" encoding="UTF-8"?>
<snippetsTree>
 <snippets file="target/tutorial/mixed/file3/results/word/frequencies/results.xml">
  <result title="frequency" word="samples" count="35"/>
  <result title="frequency" word="Fusarium" count="30"/>
  <result title="frequency" word="Figure" count="27"/>
  <result title="frequency" word="volatile" count="27"/>
  <result title="frequency" word="poae" count="26"/>
 </snippets>
</snippetsTree>
