<?xml version="1.0" encoding="UTF-8"?>
<results title="lengths">
 <result title="length" length="1" count="323"/>
 <result title="length" length="2" count="287"/>
 <result title="length" length="3" count="414"/>
 <result title="length" length="64" count="1"/>
 <result title="length" length="4" count="649"/>
 <result title="length" length="5" count="678"/>
 <result title="length" length="6" count="764"/>
 <result title="length" length="7" count="776"/>
 <result title="length" length="76" count="1"/>
 <result title="length" length="8" count="736"/>
 <result title="length" length="9" count="609"/>
 <result title="length" length="10" count="491"/>
 <result title="length" length="11" count="358"/>
 <result title="length" length="12" count="163"/>
 <result title="length" length="13" count="140"/>
 <result title="length" length="14" count="29"/>
 <result title="length" length="15" count="30"/>
 <result title="length" length="17" count="11"/>
 <result title="length" length="16" count="6"/>
 <result title="length" length="87" count="1"/>
 <result title="length" length="19" count="1"/>
 <result title="length" length="18" count="9"/>
 <result title="length" length="21" count="4"/>
 <result title="length" length="23" count="3"/>
 <result title="length" length="22" count="3"/>
 <result title="length" length="25" count="4"/>
 <result title="length" length="24" count="4"/>
 <result title="length" length="27" count="2"/>
 <result title="length" length="26" count="1"/>
 <result title="length" length="29" count="1"/>
 <result title="length" length="28" count="3"/>
 <result title="length" length="31" count="2"/>
 <result title="length" length="34" count="1"/>
 <result title="length" length="32" count="6"/>
 <result title="length" length="43" count="1"/>
 <result title="length" length="40" count="1"/>
 <result title="length" length="44" count="1"/>
 <result title="length" length="50" count="1"/>
 <result title="length" length="56" count="1"/>
 <result title="length" length="121" count="1"/>
</results>
